Device: mps
[V3] Computing degree features (fast)...
[V3] Parameters: 101,477

Starting Optimized Training...
   Ep  1 | Loss: 1.3709 | Val AUC: 0.5379 | F1: 0.1898
   Ep  2 | Loss: 1.2897 | Val AUC: 0.6170 | F1: 0.2553
   Ep  3 | Loss: 1.2675 | Val AUC: 0.6514 | F1: 0.2181
   Ep  4 | Loss: 1.2111 | Val AUC: 0.6604 | F1: 0.2564
   Ep  5 | Loss: 1.2078 | Val AUC: 0.7468 | F1: 0.3186
   Ep  6 | Loss: 1.2008 | Val AUC: 0.6399 | F1: 0.2145
   Ep  7 | Loss: 1.1975 | Val AUC: 0.6607 | F1: 0.2267
   Ep  8 | Loss: 1.1849 | Val AUC: 0.6752 | F1: 0.2559
   Ep  9 | Loss: 1.1926 | Val AUC: 0.7028 | F1: 0.2838
   Ep 10 | Loss: 1.1791 | Val AUC: 0.6833 | F1: 0.2456

Evaluating Best Model on Test Set...

✅ GraphTransformer V3 Results (thresh=0.674):
   AUC: 0.6078 | F1: 0.1961
------------------------------
              precision    recall  f1-score   support

   Non-Fraud       0.92      0.93      0.93       859
       Fraud       0.19      0.18      0.18        79

    accuracy                           0.87       938
   macro avg       0.56      0.55      0.56       938
weighted avg       0.86      0.87      0.87       938

/opt/miniconda3/lib/python3.12/site-packages/torch_geometric/nn/fx.py:132: UserWarning: Found function 'dropout' with keyword argument 'training'. During FX tracing, this will likely be baked in as a constant value. Consider replacing this function by a module to properly encapsulate its training flag.
  warnings.warn(f"Found function '{node.name}' with keyword "
/opt/miniconda3/lib/python3.12/site-packages/torch_geometric/nn/fx.py:132: UserWarning: Found function 'dropout_1' with keyword argument 'training'. During FX tracing, this will likely be baked in as a constant value. Consider replacing this function by a module to properly encapsulate its training flag.
  warnings.warn(f"Found function '{node.name}' with keyword "
/opt/miniconda3/lib/python3.12/site-packages/torch_geometric/utils/_scatter.py:100: UserWarning: The operator 'aten::scatter_reduce.two_out' is not currently supported on the MPS backend and will fall back to run on the CPU. This may have performance implications. (Triggered internally at /Users/runner/work/pytorch/pytorch/pytorch/aten/src/ATen/mps/MPSFallback.mm:13.)
  return src.new_zeros(size).scatter_reduce_(
python(24414) MallocStackLogging: can't turn off malloc stack logging because it was not enabled.

Ep 1/20:   0%|          | 0/9 [00:00<?, ?it/s]
Ep 1/20:  11%|█         | 1/9 [00:01<00:11,  1.50s/it]
Ep 1/20:  22%|██▏       | 2/9 [00:02<00:09,  1.38s/it]
Ep 1/20:  33%|███▎      | 3/9 [00:03<00:07,  1.30s/it]
Ep 1/20:  44%|████▍     | 4/9 [00:05<00:06,  1.25s/it]
Ep 1/20:  56%|█████▌    | 5/9 [00:06<00:05,  1.26s/it]
Ep 1/20:  67%|██████▋   | 6/9 [00:07<00:03,  1.27s/it]
Ep 1/20:  78%|███████▊  | 7/9 [00:08<00:02,  1.25s/it]
Ep 1/20:  89%|████████▉ | 8/9 [00:10<00:01,  1.36s/it]
Ep 1/20: 100%|██████████| 9/9 [00:12<00:00,  1.47s/it]
                                                      

Ep 2/20:   0%|          | 0/9 [00:00<?, ?it/s]
Ep 2/20:  11%|█         | 1/9 [00:01<00:13,  1.63s/it]
Ep 2/20:  22%|██▏       | 2/9 [00:02<00:09,  1.36s/it]
Ep 2/20:  33%|███▎      | 3/9 [00:04<00:09,  1.53s/it]
Ep 2/20:  44%|████▍     | 4/9 [00:05<00:07,  1.50s/it]
Ep 2/20:  56%|█████▌    | 5/9 [00:07<00:06,  1.55s/it]
Ep 2/20:  67%|██████▋   | 6/9 [00:09<00:04,  1.65s/it]
Ep 2/20:  78%|███████▊  | 7/9 [00:10<00:02,  1.48s/it]
Ep 2/20:  89%|████████▉ | 8/9 [00:12<00:01,  1.63s/it]
Ep 2/20: 100%|██████████| 9/9 [00:14<00:00,  1.88s/it]
                                                      

Ep 3/20:   0%|          | 0/9 [00:00<?, ?it/s]
Ep 3/20:  11%|█         | 1/9 [00:00<00:07,  1.03it/s]
Ep 3/20:  22%|██▏       | 2/9 [00:02<00:09,  1.39s/it]
Ep 3/20:  33%|███▎      | 3/9 [00:04<00:08,  1.46s/it]
Ep 3/20:  44%|████▍     | 4/9 [00:06<00:08,  1.65s/it]
Ep 3/20:  56%|█████▌    | 5/9 [00:07<00:06,  1.68s/it]
Ep 3/20:  67%|██████▋   | 6/9 [00:09<00:05,  1.79s/it]
Ep 3/20:  78%|███████▊  | 7/9 [00:11<00:03,  1.74s/it]
Ep 3/20:  89%|████████▉ | 8/9 [00:13<00:01,  1.76s/it]
Ep 3/20: 100%|██████████| 9/9 [00:15<00:00,  2.00s/it]
                                                      

Ep 4/20:   0%|          | 0/9 [00:00<?, ?it/s]
Ep 4/20:  11%|█         | 1/9 [00:02<00:16,  2.02s/it]
Ep 4/20:  22%|██▏       | 2/9 [00:03<00:13,  1.87s/it]
Ep 4/20:  33%|███▎      | 3/9 [00:05<00:11,  1.94s/it]
Ep 4/20:  44%|████▍     | 4/9 [00:08<00:10,  2.11s/it]
Ep 4/20:  56%|█████▌    | 5/9 [00:10<00:08,  2.04s/it]
Ep 4/20:  67%|██████▋   | 6/9 [00:12<00:06,  2.06s/it]
Ep 4/20:  78%|███████▊  | 7/9 [00:13<00:03,  1.93s/it]
Ep 4/20:  89%|████████▉ | 8/9 [00:15<00:01,  1.82s/it]
Ep 4/20: 100%|██████████| 9/9 [00:17<00:00,  1.96s/it]
                                                      

Ep 5/20:   0%|          | 0/9 [00:00<?, ?it/s]
Ep 5/20:  11%|█         | 1/9 [00:02<00:18,  2.36s/it]
Ep 5/20:  22%|██▏       | 2/9 [00:03<00:12,  1.78s/it]
Ep 5/20:  33%|███▎      | 3/9 [00:06<00:13,  2.19s/it]
Ep 5/20:  44%|████▍     | 4/9 [00:09<00:11,  2.39s/it]
Ep 5/20:  56%|█████▌    | 5/9 [00:11<00:09,  2.42s/it]
Ep 5/20:  67%|██████▋   | 6/9 [00:14<00:07,  2.47s/it]
Ep 5/20:  78%|███████▊  | 7/9 [00:16<00:04,  2.45s/it]
Ep 5/20:  89%|████████▉ | 8/9 [00:18<00:02,  2.33s/it]
Ep 5/20: 100%|██████████| 9/9 [00:22<00:00,  2.82s/it]
                                                      

Ep 6/20:   0%|          | 0/9 [00:00<?, ?it/s]
Ep 6/20:  11%|█         | 1/9 [00:02<00:20,  2.52s/it]
Ep 6/20:  22%|██▏       | 2/9 [00:04<00:13,  2.00s/it]
Ep 6/20:  33%|███▎      | 3/9 [00:07<00:16,  2.79s/it]
Ep 6/20:  44%|████▍     | 4/9 [00:09<00:11,  2.30s/it]
Ep 6/20:  56%|█████▌    | 5/9 [00:12<00:11,  2.76s/it]
Ep 6/20:  67%|██████▋   | 6/9 [00:15<00:08,  2.69s/it]
Ep 6/20:  78%|███████▊  | 7/9 [00:17<00:05,  2.59s/it]
Ep 6/20:  89%|████████▉ | 8/9 [00:21<00:02,  2.74s/it]
Ep 6/20: 100%|██████████| 9/9 [00:25<00:00,  3.15s/it]
                                                      

Ep 7/20:   0%|          | 0/9 [00:00<?, ?it/s]
Ep 7/20:  11%|█         | 1/9 [00:04<00:32,  4.06s/it]
Ep 7/20:  22%|██▏       | 2/9 [00:06<00:22,  3.18s/it]
Ep 7/20:  33%|███▎      | 3/9 [00:10<00:19,  3.32s/it]
Ep 7/20:  44%|████▍     | 4/9 [00:11<00:12,  2.57s/it]
Ep 7/20:  56%|█████▌    | 5/9 [00:14<00:10,  2.72s/it]
Ep 7/20:  67%|██████▋   | 6/9 [00:17<00:08,  2.80s/it]
Ep 7/20:  78%|███████▊  | 7/9 [00:19<00:05,  2.65s/it]
Ep 7/20:  89%|████████▉ | 8/9 [00:23<00:03,  3.13s/it]
Ep 7/20: 100%|██████████| 9/9 [00:29<00:00,  3.80s/it]
                                                      

Ep 8/20:   0%|          | 0/9 [00:00<?, ?it/s]
Ep 8/20:  11%|█         | 1/9 [00:02<00:19,  2.39s/it]
Ep 8/20:  22%|██▏       | 2/9 [00:06<00:22,  3.22s/it]
Ep 8/20:  33%|███▎      | 3/9 [00:09<00:19,  3.32s/it]
Ep 8/20:  44%|████▍     | 4/9 [00:12<00:15,  3.08s/it]
Ep 8/20:  56%|█████▌    | 5/9 [00:15<00:12,  3.10s/it]
Ep 8/20:  67%|██████▋   | 6/9 [00:17<00:08,  2.88s/it]
Ep 8/20:  78%|███████▊  | 7/9 [00:20<00:05,  2.80s/it]
Ep 8/20:  89%|████████▉ | 8/9 [00:24<00:03,  3.28s/it]
Ep 8/20: 100%|██████████| 9/9 [00:30<00:00,  4.11s/it]
                                                      

Ep 9/20:   0%|          | 0/9 [00:00<?, ?it/s]
Ep 9/20:  11%|█         | 1/9 [00:04<00:37,  4.74s/it]
Ep 9/20:  22%|██▏       | 2/9 [00:06<00:22,  3.21s/it]
Ep 9/20:  33%|███▎      | 3/9 [00:10<00:19,  3.23s/it]
Ep 9/20:  44%|████▍     | 4/9 [00:12<00:15,  3.03s/it]
Ep 9/20:  56%|█████▌    | 5/9 [00:15<00:11,  2.99s/it]
Ep 9/20:  67%|██████▋   | 6/9 [00:18<00:08,  3.00s/it]
Ep 9/20:  78%|███████▊  | 7/9 [00:22<00:06,  3.31s/it]
Ep 9/20:  89%|████████▉ | 8/9 [00:27<00:03,  3.67s/it]
Ep 9/20: 100%|██████████| 9/9 [00:33<00:00,  4.47s/it]
                                                      

Ep 10/20:   0%|          | 0/9 [00:00<?, ?it/s]
Ep 10/20:  11%|█         | 1/9 [00:01<00:14,  1.84s/it]
Ep 10/20:  22%|██▏       | 2/9 [00:05<00:20,  2.89s/it]
Ep 10/20:  33%|███▎      | 3/9 [00:07<00:15,  2.50s/it]
Ep 10/20:  44%|████▍     | 4/9 [00:11<00:16,  3.28s/it]
Ep 10/20:  56%|█████▌    | 5/9 [00:16<00:14,  3.72s/it]
Ep 10/20:  67%|██████▋   | 6/9 [00:19<00:10,  3.41s/it]
Ep 10/20:  78%|███████▊  | 7/9 [00:21<00:05,  2.94s/it]
Ep 10/20:  89%|████████▉ | 8/9 [00:23<00:02,  2.63s/it]
Ep 10/20: 100%|██████████| 9/9 [00:30<00:00,  4.14s/it]
                                                       
