Device: mps

[Data] Loading HeteroData (16GB)...
[Data] Loading labels...
[Data] Computing basic pekerja features...
[Data] Initializing auxiliary nodes...
[Data] Undirecting graph...
✅ Data ready in 1185.5s
Model Params: 6,440

Starting Training (Back to Basics)...
   Ep  1 | Loss: 1.2796 | Val AUC: 0.5658
   Ep  2 | Loss: 1.2213 | Val AUC: 0.6787
   Ep  3 | Loss: 1.1843 | Val AUC: 0.7025
   Ep  4 | Loss: 1.1745 | Val AUC: 0.6845
   Ep  5 | Loss: 1.1599 | Val AUC: 0.6819
   Ep  6 | Loss: 1.1582 | Val AUC: 0.6736
   Ep  7 | Loss: 1.1450 | Val AUC: 0.6953
   Ep  8 | Loss: 1.1364 | Val AUC: 0.6903
   Ep  9 | Loss: 1.1331 | Val AUC: 0.7139
   Ep 10 | Loss: 1.1223 | Val AUC: 0.7042

Final Test Evaluation...

✅ Basic Model Results (thresh=0.630):
   AUC: 0.7003 | F1: 0.2637
------------------------------
              precision    recall  f1-score   support

           0       0.93      0.79      0.85       848
           1       0.18      0.44      0.26        90

    accuracy                           0.75       938
   macro avg       0.56      0.62      0.56       938
weighted avg       0.86      0.75      0.80       938

/opt/miniconda3/lib/python3.12/site-packages/torch_geometric/nn/fx.py:132: UserWarning: Found function 'dropout' with keyword argument 'training'. During FX tracing, this will likely be baked in as a constant value. Consider replacing this function by a module to properly encapsulate its training flag.
  warnings.warn(f"Found function '{node.name}' with keyword "
/opt/miniconda3/lib/python3.12/site-packages/torch_geometric/utils/_scatter.py:100: UserWarning: The operator 'aten::scatter_reduce.two_out' is not currently supported on the MPS backend and will fall back to run on the CPU. This may have performance implications. (Triggered internally at /Users/runner/work/pytorch/pytorch/pytorch/aten/src/ATen/mps/MPSFallback.mm:13.)
  return src.new_zeros(size).scatter_reduce_(
python(35726) MallocStackLogging: can't turn off malloc stack logging because it was not enabled.

Ep 1/10:   0%|          | 0/9 [00:00<?, ?it/s]
Ep 1/10:  11%|█         | 1/9 [00:01<00:08,  1.06s/it]
Ep 1/10:  22%|██▏       | 2/9 [00:01<00:06,  1.08it/s]
Ep 1/10:  33%|███▎      | 3/9 [00:02<00:04,  1.21it/s]
Ep 1/10:  44%|████▍     | 4/9 [00:03<00:04,  1.23it/s]
Ep 1/10:  56%|█████▌    | 5/9 [00:04<00:03,  1.19it/s]
Ep 1/10:  67%|██████▋   | 6/9 [00:05<00:02,  1.22it/s]
Ep 1/10:  78%|███████▊  | 7/9 [00:05<00:01,  1.28it/s]
Ep 1/10:  89%|████████▉ | 8/9 [00:06<00:00,  1.35it/s]
Ep 1/10: 100%|██████████| 9/9 [00:07<00:00,  1.35it/s]
                                                      

Ep 2/10:   0%|          | 0/9 [00:00<?, ?it/s]
Ep 2/10:  11%|█         | 1/9 [00:00<00:05,  1.43it/s]
Ep 2/10:  22%|██▏       | 2/9 [00:01<00:04,  1.62it/s]
Ep 2/10:  33%|███▎      | 3/9 [00:01<00:03,  1.57it/s]
Ep 2/10:  44%|████▍     | 4/9 [00:02<00:03,  1.49it/s]
Ep 2/10:  56%|█████▌    | 5/9 [00:03<00:02,  1.45it/s]
Ep 2/10:  67%|██████▋   | 6/9 [00:04<00:02,  1.43it/s]
Ep 2/10:  78%|███████▊  | 7/9 [00:04<00:01,  1.48it/s]
Ep 2/10:  89%|████████▉ | 8/9 [00:05<00:00,  1.43it/s]
Ep 2/10: 100%|██████████| 9/9 [00:06<00:00,  1.35it/s]
                                                      

Ep 3/10:   0%|          | 0/9 [00:00<?, ?it/s]
Ep 3/10:  11%|█         | 1/9 [00:00<00:06,  1.17it/s]
Ep 3/10:  22%|██▏       | 2/9 [00:01<00:05,  1.36it/s]
Ep 3/10:  33%|███▎      | 3/9 [00:02<00:04,  1.34it/s]
Ep 3/10:  44%|████▍     | 4/9 [00:02<00:03,  1.44it/s]
Ep 3/10:  56%|█████▌    | 5/9 [00:03<00:03,  1.25it/s]
Ep 3/10:  67%|██████▋   | 6/9 [00:04<00:02,  1.17it/s]
Ep 3/10:  78%|███████▊  | 7/9 [00:05<00:01,  1.19it/s]
Ep 3/10:  89%|████████▉ | 8/9 [00:06<00:00,  1.20it/s]
Ep 3/10: 100%|██████████| 9/9 [00:07<00:00,  1.14it/s]
                                                      

Ep 4/10:   0%|          | 0/9 [00:00<?, ?it/s]
Ep 4/10:  11%|█         | 1/9 [00:01<00:08,  1.09s/it]
Ep 4/10:  22%|██▏       | 2/9 [00:02<00:07,  1.06s/it]
Ep 4/10:  33%|███▎      | 3/9 [00:03<00:05,  1.02it/s]
Ep 4/10:  44%|████▍     | 4/9 [00:03<00:04,  1.09it/s]
Ep 4/10:  56%|█████▌    | 5/9 [00:04<00:03,  1.10it/s]
Ep 4/10:  67%|██████▋   | 6/9 [00:05<00:02,  1.10it/s]
Ep 4/10:  78%|███████▊  | 7/9 [00:06<00:01,  1.04it/s]
Ep 4/10:  89%|████████▉ | 8/9 [00:07<00:00,  1.12it/s]
Ep 4/10: 100%|██████████| 9/9 [00:08<00:00,  1.01it/s]
                                                      

Ep 5/10:   0%|          | 0/9 [00:00<?, ?it/s]
Ep 5/10:  11%|█         | 1/9 [00:01<00:08,  1.05s/it]
Ep 5/10:  22%|██▏       | 2/9 [00:01<00:06,  1.13it/s]
Ep 5/10:  33%|███▎      | 3/9 [00:02<00:05,  1.15it/s]
Ep 5/10:  44%|████▍     | 4/9 [00:03<00:05,  1.01s/it]
Ep 5/10:  56%|█████▌    | 5/9 [00:05<00:04,  1.04s/it]
Ep 5/10:  67%|██████▋   | 6/9 [00:06<00:03,  1.06s/it]
Ep 5/10:  78%|███████▊  | 7/9 [00:07<00:02,  1.02s/it]
Ep 5/10:  89%|████████▉ | 8/9 [00:08<00:01,  1.02s/it]
Ep 5/10: 100%|██████████| 9/9 [00:09<00:00,  1.10s/it]
                                                      

Ep 6/10:   0%|          | 0/9 [00:00<?, ?it/s]
Ep 6/10:  11%|█         | 1/9 [00:00<00:07,  1.02it/s]
Ep 6/10:  22%|██▏       | 2/9 [00:02<00:08,  1.18s/it]
Ep 6/10:  33%|███▎      | 3/9 [00:03<00:06,  1.16s/it]
Ep 6/10:  44%|████▍     | 4/9 [00:04<00:05,  1.10s/it]
Ep 6/10:  56%|█████▌    | 5/9 [00:05<00:03,  1.07it/s]
Ep 6/10:  67%|██████▋   | 6/9 [00:06<00:03,  1.05s/it]
Ep 6/10:  78%|███████▊  | 7/9 [00:07<00:02,  1.07s/it]
Ep 6/10:  89%|████████▉ | 8/9 [00:08<00:01,  1.06s/it]
Ep 6/10: 100%|██████████| 9/9 [00:09<00:00,  1.20s/it]
                                                      

Ep 7/10:   0%|          | 0/9 [00:00<?, ?it/s]
Ep 7/10:  11%|█         | 1/9 [00:00<00:07,  1.12it/s]
Ep 7/10:  22%|██▏       | 2/9 [00:02<00:08,  1.19s/it]
Ep 7/10:  33%|███▎      | 3/9 [00:03<00:07,  1.17s/it]
Ep 7/10:  44%|████▍     | 4/9 [00:04<00:04,  1.03it/s]
Ep 7/10:  56%|█████▌    | 5/9 [00:05<00:04,  1.06s/it]
Ep 7/10:  67%|██████▋   | 6/9 [00:06<00:02,  1.02it/s]
Ep 7/10:  78%|███████▊  | 7/9 [00:07<00:02,  1.05s/it]
Ep 7/10:  89%|████████▉ | 8/9 [00:08<00:01,  1.07s/it]
Ep 7/10: 100%|██████████| 9/9 [00:10<00:00,  1.31s/it]
                                                      

Ep 8/10:   0%|          | 0/9 [00:00<?, ?it/s]
Ep 8/10:  11%|█         | 1/9 [00:00<00:05,  1.36it/s]
Ep 8/10:  22%|██▏       | 2/9 [00:02<00:07,  1.08s/it]
Ep 8/10:  33%|███▎      | 3/9 [00:03<00:06,  1.11s/it]
Ep 8/10:  44%|████▍     | 4/9 [00:04<00:05,  1.18s/it]
Ep 8/10:  56%|█████▌    | 5/9 [00:05<00:05,  1.28s/it]
Ep 8/10:  67%|██████▋   | 6/9 [00:07<00:04,  1.40s/it]
Ep 8/10:  78%|███████▊  | 7/9 [00:08<00:02,  1.35s/it]
Ep 8/10:  89%|████████▉ | 8/9 [00:10<00:01,  1.32s/it]
Ep 8/10: 100%|██████████| 9/9 [00:11<00:00,  1.47s/it]
                                                      

Ep 9/10:   0%|          | 0/9 [00:00<?, ?it/s]
Ep 9/10:  11%|█         | 1/9 [00:01<00:10,  1.36s/it]
Ep 9/10:  22%|██▏       | 2/9 [00:02<00:10,  1.45s/it]
Ep 9/10:  33%|███▎      | 3/9 [00:04<00:07,  1.33s/it]
Ep 9/10:  44%|████▍     | 4/9 [00:04<00:05,  1.17s/it]
Ep 9/10:  56%|█████▌    | 5/9 [00:06<00:05,  1.28s/it]
Ep 9/10:  67%|██████▋   | 6/9 [00:07<00:04,  1.35s/it]
Ep 9/10:  78%|███████▊  | 7/9 [00:09<00:02,  1.35s/it]
Ep 9/10:  89%|████████▉ | 8/9 [00:10<00:01,  1.21s/it]
Ep 9/10: 100%|██████████| 9/9 [00:12<00:00,  1.44s/it]
                                                      

Ep 10/10:   0%|          | 0/9 [00:00<?, ?it/s]
Ep 10/10:  11%|█         | 1/9 [00:00<00:06,  1.16it/s]
Ep 10/10:  22%|██▏       | 2/9 [00:02<00:08,  1.25s/it]
Ep 10/10:  33%|███▎      | 3/9 [00:03<00:07,  1.28s/it]
Ep 10/10:  44%|████▍     | 4/9 [00:05<00:07,  1.42s/it]
Ep 10/10:  56%|█████▌    | 5/9 [00:06<00:04,  1.22s/it]
Ep 10/10:  67%|██████▋   | 6/9 [00:07<00:04,  1.37s/it]
Ep 10/10:  78%|███████▊  | 7/9 [00:09<00:02,  1.41s/it]
Ep 10/10:  89%|████████▉ | 8/9 [00:10<00:01,  1.44s/it]
Ep 10/10: 100%|██████████| 9/9 [00:12<00:00,  1.58s/it]
                                                       
