Device: mps

[Data] Loading HeteroData (16GB)...
[Data] Loading labels...
[Data] Computing pekerja features...
[Data] Computing structural features for others...
[V6] Computing structural degree features...
[Data] Undirecting graph...
✅ Setup complete in 1227.3s
Model Params: 10,216

Starting Training (V6 Final Optimized)...
   Ep  1 | Loss: 1.3081 | Val AUC: 0.5943 | LR: 0.000688
   Ep  2 | Loss: 1.2134 | Val AUC: 0.6349 | LR: 0.000653
   Ep  3 | Loss: 1.1906 | Val AUC: 0.6676 | LR: 0.000597
   Ep  4 | Loss: 1.1856 | Val AUC: 0.6848 | LR: 0.000525
   Ep  5 | Loss: 1.1698 | Val AUC: 0.7127 | LR: 0.000441
   Ep  6 | Loss: 1.1601 | Val AUC: 0.6788 | LR: 0.000350
   Ep  7 | Loss: 1.1693 | Val AUC: 0.6810 | LR: 0.000259
   Ep  8 | Loss: 1.1587 | Val AUC: 0.6816 | LR: 0.000175
   Ep  9 | Loss: 1.1367 | Val AUC: 0.6926 | LR: 0.000103
   Ep 10 | Loss: 1.1454 | Val AUC: 0.6785 | LR: 0.000047
   Ep 11 | Loss: 1.1540 | Val AUC: 0.6779 | LR: 0.000012
   Ep 12 | Loss: 1.1539 | Val AUC: 0.6539 | LR: 0.000000

============================================================
FINAL MODEL VERIFICATION
============================================================

✅ FINAL BEST Results (thresh=0.671):
   AUC: 0.7042 | F1: 0.2661
------------------------------
              precision    recall  f1-score   support

   Non-Fraud       0.94      0.85      0.90       862
       Fraud       0.19      0.39      0.26        76

    accuracy                           0.82       938
   macro avg       0.57      0.62      0.58       938
weighted avg       0.88      0.82      0.84       938

✅ Final model weights saved to 'final_best_transformer.pt'
/opt/miniconda3/lib/python3.12/site-packages/torch_geometric/nn/fx.py:132: UserWarning: Found function 'dropout' with keyword argument 'training'. During FX tracing, this will likely be baked in as a constant value. Consider replacing this function by a module to properly encapsulate its training flag.
  warnings.warn(f"Found function '{node.name}' with keyword "
/opt/miniconda3/lib/python3.12/site-packages/torch_geometric/utils/_scatter.py:100: UserWarning: The operator 'aten::scatter_reduce.two_out' is not currently supported on the MPS backend and will fall back to run on the CPU. This may have performance implications. (Triggered internally at /Users/runner/work/pytorch/pytorch/pytorch/aten/src/ATen/mps/MPSFallback.mm:13.)
  return src.new_zeros(size).scatter_reduce_(
python(38881) MallocStackLogging: can't turn off malloc stack logging because it was not enabled.

Ep 1/12:   0%|          | 0/9 [00:00<?, ?it/s]
Ep 1/12:  11%|█         | 1/9 [00:01<00:10,  1.28s/it]
Ep 1/12:  22%|██▏       | 2/9 [00:02<00:07,  1.08s/it]
Ep 1/12:  33%|███▎      | 3/9 [00:03<00:06,  1.06s/it]
Ep 1/12:  44%|████▍     | 4/9 [00:04<00:04,  1.03it/s]
Ep 1/12:  56%|█████▌    | 5/9 [00:04<00:03,  1.07it/s]
Ep 1/12:  67%|██████▋   | 6/9 [00:05<00:02,  1.13it/s]
Ep 1/12:  78%|███████▊  | 7/9 [00:06<00:01,  1.13it/s]
Ep 1/12:  89%|████████▉ | 8/9 [00:07<00:00,  1.09it/s]
Ep 1/12: 100%|██████████| 9/9 [00:09<00:00,  1.08s/it]
                                                      

Ep 2/12:   0%|          | 0/9 [00:00<?, ?it/s]
Ep 2/12:  11%|█         | 1/9 [00:01<00:08,  1.10s/it]
Ep 2/12:  22%|██▏       | 2/9 [00:02<00:07,  1.00s/it]
Ep 2/12:  33%|███▎      | 3/9 [00:02<00:05,  1.05it/s]
Ep 2/12:  44%|████▍     | 4/9 [00:03<00:04,  1.05it/s]
Ep 2/12:  56%|█████▌    | 5/9 [00:04<00:03,  1.06it/s]
Ep 2/12:  67%|██████▋   | 6/9 [00:05<00:02,  1.06it/s]
Ep 2/12:  78%|███████▊  | 7/9 [00:06<00:02,  1.03s/it]
Ep 2/12:  89%|████████▉ | 8/9 [00:07<00:00,  1.08it/s]
Ep 2/12: 100%|██████████| 9/9 [00:09<00:00,  1.12s/it]
                                                      

Ep 3/12:   0%|          | 0/9 [00:00<?, ?it/s]
Ep 3/12:  11%|█         | 1/9 [00:01<00:09,  1.15s/it]
Ep 3/12:  22%|██▏       | 2/9 [00:02<00:08,  1.16s/it]
Ep 3/12:  33%|███▎      | 3/9 [00:03<00:06,  1.15s/it]
Ep 3/12:  44%|████▍     | 4/9 [00:04<00:05,  1.14s/it]
Ep 3/12:  56%|█████▌    | 5/9 [00:05<00:04,  1.17s/it]
Ep 3/12:  67%|██████▋   | 6/9 [00:07<00:03,  1.21s/it]
Ep 3/12:  78%|███████▊  | 7/9 [00:08<00:02,  1.17s/it]
Ep 3/12:  89%|████████▉ | 8/9 [00:09<00:01,  1.16s/it]
Ep 3/12: 100%|██████████| 9/9 [00:10<00:00,  1.28s/it]
                                                      

Ep 4/12:   0%|          | 0/9 [00:00<?, ?it/s]
Ep 4/12:  11%|█         | 1/9 [00:01<00:09,  1.23s/it]
Ep 4/12:  22%|██▏       | 2/9 [00:02<00:08,  1.20s/it]
Ep 4/12:  33%|███▎      | 3/9 [00:03<00:07,  1.22s/it]
Ep 4/12:  44%|████▍     | 4/9 [00:05<00:06,  1.40s/it]
Ep 4/12:  56%|█████▌    | 5/9 [00:06<00:05,  1.29s/it]
Ep 4/12:  67%|██████▋   | 6/9 [00:07<00:03,  1.23s/it]
Ep 4/12:  78%|███████▊  | 7/9 [00:09<00:02,  1.32s/it]
Ep 4/12:  89%|████████▉ | 8/9 [00:10<00:01,  1.36s/it]
Ep 4/12: 100%|██████████| 9/9 [00:12<00:00,  1.46s/it]
                                                      

Ep 5/12:   0%|          | 0/9 [00:00<?, ?it/s]
Ep 5/12:  11%|█         | 1/9 [00:01<00:12,  1.58s/it]
Ep 5/12:  22%|██▏       | 2/9 [00:03<00:11,  1.61s/it]
Ep 5/12:  33%|███▎      | 3/9 [00:04<00:09,  1.59s/it]
Ep 5/12:  44%|████▍     | 4/9 [00:05<00:07,  1.43s/it]
Ep 5/12:  56%|█████▌    | 5/9 [00:07<00:05,  1.44s/it]
Ep 5/12:  67%|██████▋   | 6/9 [00:08<00:04,  1.39s/it]
Ep 5/12:  78%|███████▊  | 7/9 [00:10<00:02,  1.45s/it]
Ep 5/12:  89%|████████▉ | 8/9 [00:12<00:01,  1.57s/it]
Ep 5/12: 100%|██████████| 9/9 [00:14<00:00,  1.78s/it]
                                                      

Ep 6/12:   0%|          | 0/9 [00:00<?, ?it/s]
Ep 6/12:  11%|█         | 1/9 [00:01<00:09,  1.15s/it]
Ep 6/12:  22%|██▏       | 2/9 [00:02<00:09,  1.34s/it]
Ep 6/12:  33%|███▎      | 3/9 [00:04<00:08,  1.38s/it]
Ep 6/12:  44%|████▍     | 4/9 [00:05<00:07,  1.52s/it]
Ep 6/12:  56%|█████▌    | 5/9 [00:07<00:06,  1.60s/it]
Ep 6/12:  67%|██████▋   | 6/9 [00:09<00:04,  1.63s/it]
Ep 6/12:  78%|███████▊  | 7/9 [00:10<00:03,  1.63s/it]
Ep 6/12:  89%|████████▉ | 8/9 [00:12<00:01,  1.69s/it]
Ep 6/12: 100%|██████████| 9/9 [00:14<00:00,  1.67s/it]
                                                      

Ep 7/12:   0%|          | 0/9 [00:00<?, ?it/s]
Ep 7/12:  11%|█         | 1/9 [00:01<00:15,  1.93s/it]
Ep 7/12:  22%|██▏       | 2/9 [00:03<00:13,  1.86s/it]
Ep 7/12:  33%|███▎      | 3/9 [00:05<00:10,  1.72s/it]
Ep 7/12:  44%|████▍     | 4/9 [00:07<00:08,  1.78s/it]
Ep 7/12:  56%|█████▌    | 5/9 [00:08<00:06,  1.53s/it]
Ep 7/12:  67%|██████▋   | 6/9 [00:09<00:04,  1.57s/it]
Ep 7/12:  78%|███████▊  | 7/9 [00:11<00:03,  1.62s/it]
Ep 7/12:  89%|████████▉ | 8/9 [00:13<00:01,  1.76s/it]
Ep 7/12: 100%|██████████| 9/9 [00:15<00:00,  1.86s/it]
                                                      

Ep 8/12:   0%|          | 0/9 [00:00<?, ?it/s]
Ep 8/12:  11%|█         | 1/9 [00:01<00:15,  1.88s/it]
Ep 8/12:  22%|██▏       | 2/9 [00:03<00:11,  1.65s/it]
Ep 8/12:  33%|███▎      | 3/9 [00:05<00:09,  1.65s/it]
Ep 8/12:  44%|████▍     | 4/9 [00:07<00:09,  1.82s/it]
Ep 8/12:  56%|█████▌    | 5/9 [00:09<00:07,  1.91s/it]
Ep 8/12:  67%|██████▋   | 6/9 [00:11<00:06,  2.21s/it]
Ep 8/12:  78%|███████▊  | 7/9 [00:13<00:04,  2.09s/it]
Ep 8/12:  89%|████████▉ | 8/9 [00:15<00:02,  2.00s/it]
Ep 8/12: 100%|██████████| 9/9 [00:18<00:00,  2.19s/it]
                                                      

Ep 9/12:   0%|          | 0/9 [00:00<?, ?it/s]
Ep 9/12:  11%|█         | 1/9 [00:01<00:15,  1.92s/it]
Ep 9/12:  22%|██▏       | 2/9 [00:03<00:11,  1.69s/it]
Ep 9/12:  33%|███▎      | 3/9 [00:05<00:09,  1.67s/it]
Ep 9/12:  44%|████▍     | 4/9 [00:06<00:08,  1.65s/it]
Ep 9/12:  56%|█████▌    | 5/9 [00:07<00:06,  1.52s/it]
Ep 9/12:  67%|██████▋   | 6/9 [00:09<00:04,  1.58s/it]
Ep 9/12:  78%|███████▊  | 7/9 [00:11<00:03,  1.76s/it]
Ep 9/12:  89%|████████▉ | 8/9 [00:14<00:02,  2.12s/it]
Ep 9/12: 100%|██████████| 9/9 [00:18<00:00,  2.53s/it]
                                                      

Ep 10/12:   0%|          | 0/9 [00:00<?, ?it/s]
Ep 10/12:  11%|█         | 1/9 [00:02<00:21,  2.63s/it]
Ep 10/12:  22%|██▏       | 2/9 [00:05<00:18,  2.61s/it]
Ep 10/12:  33%|███▎      | 3/9 [00:08<00:16,  2.71s/it]
Ep 10/12:  44%|████▍     | 4/9 [00:09<00:11,  2.35s/it]
Ep 10/12:  56%|█████▌    | 5/9 [00:12<00:10,  2.53s/it]
Ep 10/12:  67%|██████▋   | 6/9 [00:14<00:06,  2.19s/it]
Ep 10/12:  78%|███████▊  | 7/9 [00:16<00:04,  2.09s/it]
Ep 10/12:  89%|████████▉ | 8/9 [00:17<00:01,  1.97s/it]
Ep 10/12: 100%|██████████| 9/9 [00:21<00:00,  2.62s/it]
                                                       

Ep 11/12:   0%|          | 0/9 [00:00<?, ?it/s]
Ep 11/12:  11%|█         | 1/9 [00:02<00:17,  2.17s/it]
Ep 11/12:  22%|██▏       | 2/9 [00:03<00:12,  1.76s/it]
Ep 11/12:  33%|███▎      | 3/9 [00:05<00:11,  1.85s/it]
Ep 11/12:  44%|████▍     | 4/9 [00:08<00:11,  2.30s/it]
Ep 11/12:  56%|█████▌    | 5/9 [00:11<00:09,  2.41s/it]
Ep 11/12:  67%|██████▋   | 6/9 [00:13<00:07,  2.35s/it]
Ep 11/12:  78%|███████▊  | 7/9 [00:16<00:04,  2.44s/it]
Ep 11/12:  89%|████████▉ | 8/9 [00:18<00:02,  2.39s/it]
Ep 11/12: 100%|██████████| 9/9 [00:22<00:00,  2.84s/it]
                                                       

Ep 12/12:   0%|          | 0/9 [00:00<?, ?it/s]
Ep 12/12:  11%|█         | 1/9 [00:01<00:12,  1.53s/it]
Ep 12/12:  22%|██▏       | 2/9 [00:04<00:14,  2.10s/it]
Ep 12/12:  33%|███▎      | 3/9 [00:06<00:13,  2.19s/it]
Ep 12/12:  44%|████▍     | 4/9 [00:08<00:10,  2.02s/it]
Ep 12/12:  56%|█████▌    | 5/9 [00:10<00:08,  2.00s/it]
Ep 12/12:  67%|██████▋   | 6/9 [00:12<00:06,  2.22s/it]
Ep 12/12:  78%|███████▊  | 7/9 [00:15<00:04,  2.31s/it]
Ep 12/12:  89%|████████▉ | 8/9 [00:17<00:02,  2.37s/it]
Ep 12/12: 100%|██████████| 9/9 [00:21<00:00,  2.70s/it]
                                                       
