Device: cpu (Forced for HGT stability)

[Data] Loading HeteroData...
[Data] Loading labels...
[Data] Computing basic features...
[Data] Setting auxiliary features to ones...
[Data] Undirecting graph...
✅ Data ready in 1184.4s

[Init] Building HGT Model...
[Model] Params: 209,435

Starting Training (HGT)...
   Ep  1 | Loss: 1.2668 | Val AUC: 0.7085
   Ep  2 | Loss: 1.2611 | Val AUC: 0.7231
   Ep  3 | Loss: 1.2500 | Val AUC: 0.7120
   Ep  4 | Loss: 1.2191 | Val AUC: 0.7086
   Ep  5 | Loss: 1.1753 | Val AUC: 0.7104
   Ep  6 | Loss: 1.1480 | Val AUC: 0.7165
   Ep  7 | Loss: 1.1362 | Val AUC: 0.7166
   Ep  8 | Loss: 1.1326 | Val AUC: 0.7134
   Ep  9 | Loss: 1.1460 | Val AUC: 0.7134
   Ep 10 | Loss: 1.1345 | Val AUC: 0.7140
   Ep 11 | Loss: 1.1322 | Val AUC: 0.7130
   Ep 12 | Loss: 1.1320 | Val AUC: 0.7116
   Ep 13 | Loss: 1.1323 | Val AUC: 0.7126
   Ep 14 | Loss: 1.1293 | Val AUC: 0.7142
   Ep 15 | Loss: 1.1177 | Val AUC: 0.7132

============================================================
HGT EVALUATION
============================================================

🏆 HGT Results (thresh=0.656):
   AUC: 0.7417 | F1: 0.2976
------------------------------
              precision    recall  f1-score   support

   Non-Fraud       0.95      0.92      0.93       868
       Fraud       0.25      0.34      0.29        70

    accuracy                           0.87       938
   macro avg       0.60      0.63      0.61       938
weighted avg       0.89      0.87      0.88       938

python(42232) MallocStackLogging: can't turn off malloc stack logging because it was not enabled.

Ep 1/15:   0%|          | 0/9 [00:00<?, ?it/s]
Ep 1/15:  11%|█         | 1/9 [00:00<00:03,  2.59it/s]
Ep 1/15:  22%|██▏       | 2/9 [00:00<00:02,  2.94it/s]
Ep 1/15:  33%|███▎      | 3/9 [00:00<00:01,  3.13it/s]
Ep 1/15:  44%|████▍     | 4/9 [00:01<00:01,  3.33it/s]
Ep 1/15:  56%|█████▌    | 5/9 [00:01<00:01,  3.57it/s]
Ep 1/15:  67%|██████▋   | 6/9 [00:01<00:00,  3.67it/s]
Ep 1/15:  78%|███████▊  | 7/9 [00:01<00:00,  3.85it/s]
Ep 1/15:  89%|████████▉ | 8/9 [00:02<00:00,  4.01it/s]
Ep 1/15: 100%|██████████| 9/9 [00:02<00:00,  4.86it/s]
                                                      

Ep 2/15:   0%|          | 0/9 [00:00<?, ?it/s]
Ep 2/15:  11%|█         | 1/9 [00:00<00:01,  7.60it/s]
Ep 2/15:  22%|██▏       | 2/9 [00:00<00:00,  7.37it/s]
Ep 2/15:  33%|███▎      | 3/9 [00:00<00:00,  7.42it/s]
Ep 2/15:  44%|████▍     | 4/9 [00:00<00:00,  7.49it/s]
Ep 2/15:  56%|█████▌    | 5/9 [00:00<00:00,  7.59it/s]
Ep 2/15:  67%|██████▋   | 6/9 [00:00<00:00,  7.28it/s]
Ep 2/15:  78%|███████▊  | 7/9 [00:00<00:00,  7.26it/s]
Ep 2/15:  89%|████████▉ | 8/9 [00:01<00:00,  7.26it/s]
                                                      

Ep 3/15:   0%|          | 0/9 [00:00<?, ?it/s]
Ep 3/15:  11%|█         | 1/9 [00:00<00:01,  7.71it/s]
Ep 3/15:  22%|██▏       | 2/9 [00:00<00:00,  7.76it/s]
Ep 3/15:  33%|███▎      | 3/9 [00:00<00:00,  8.02it/s]
Ep 3/15:  44%|████▍     | 4/9 [00:00<00:00,  7.94it/s]
Ep 3/15:  56%|█████▌    | 5/9 [00:00<00:00,  7.79it/s]
Ep 3/15:  67%|██████▋   | 6/9 [00:00<00:00,  7.88it/s]
Ep 3/15:  78%|███████▊  | 7/9 [00:00<00:00,  7.67it/s]
Ep 3/15:  89%|████████▉ | 8/9 [00:01<00:00,  7.35it/s]
                                                      

Ep 4/15:   0%|          | 0/9 [00:00<?, ?it/s]
Ep 4/15:  11%|█         | 1/9 [00:00<00:00,  8.12it/s]
Ep 4/15:  22%|██▏       | 2/9 [00:00<00:00,  8.34it/s]
Ep 4/15:  33%|███▎      | 3/9 [00:00<00:00,  7.91it/s]
Ep 4/15:  44%|████▍     | 4/9 [00:00<00:00,  7.69it/s]
Ep 4/15:  56%|█████▌    | 5/9 [00:00<00:00,  7.86it/s]
Ep 4/15:  67%|██████▋   | 6/9 [00:00<00:00,  7.98it/s]
Ep 4/15:  78%|███████▊  | 7/9 [00:00<00:00,  7.48it/s]
Ep 4/15:  89%|████████▉ | 8/9 [00:01<00:00,  7.75it/s]
                                                      

Ep 5/15:   0%|          | 0/9 [00:00<?, ?it/s]
Ep 5/15:  11%|█         | 1/9 [00:00<00:01,  7.38it/s]
Ep 5/15:  22%|██▏       | 2/9 [00:00<00:00,  7.83it/s]
Ep 5/15:  33%|███▎      | 3/9 [00:00<00:00,  7.63it/s]
Ep 5/15:  44%|████▍     | 4/9 [00:00<00:00,  7.58it/s]
Ep 5/15:  56%|█████▌    | 5/9 [00:00<00:00,  7.02it/s]
Ep 5/15:  67%|██████▋   | 6/9 [00:00<00:00,  7.05it/s]
Ep 5/15:  78%|███████▊  | 7/9 [00:00<00:00,  7.24it/s]
Ep 5/15:  89%|████████▉ | 8/9 [00:01<00:00,  6.86it/s]
                                                      

Ep 6/15:   0%|          | 0/9 [00:00<?, ?it/s]
Ep 6/15:  11%|█         | 1/9 [00:00<00:01,  6.97it/s]
Ep 6/15:  22%|██▏       | 2/9 [00:00<00:00,  7.41it/s]
Ep 6/15:  33%|███▎      | 3/9 [00:00<00:00,  7.01it/s]
Ep 6/15:  44%|████▍     | 4/9 [00:00<00:00,  7.30it/s]
Ep 6/15:  56%|█████▌    | 5/9 [00:00<00:00,  7.46it/s]
Ep 6/15:  67%|██████▋   | 6/9 [00:00<00:00,  7.47it/s]
Ep 6/15:  78%|███████▊  | 7/9 [00:00<00:00,  7.68it/s]
Ep 6/15:  89%|████████▉ | 8/9 [00:01<00:00,  7.72it/s]
                                                      

Ep 7/15:   0%|          | 0/9 [00:00<?, ?it/s]
Ep 7/15:  11%|█         | 1/9 [00:00<00:01,  5.45it/s]
Ep 7/15:  22%|██▏       | 2/9 [00:00<00:01,  6.26it/s]
Ep 7/15:  33%|███▎      | 3/9 [00:00<00:00,  6.76it/s]
Ep 7/15:  44%|████▍     | 4/9 [00:00<00:00,  7.38it/s]
Ep 7/15:  56%|█████▌    | 5/9 [00:00<00:00,  7.40it/s]
Ep 7/15:  67%|██████▋   | 6/9 [00:00<00:00,  7.42it/s]
Ep 7/15:  78%|███████▊  | 7/9 [00:00<00:00,  7.46it/s]
Ep 7/15:  89%|████████▉ | 8/9 [00:01<00:00,  7.35it/s]
                                                      

Ep 8/15:   0%|          | 0/9 [00:00<?, ?it/s]
Ep 8/15:  11%|█         | 1/9 [00:00<00:01,  7.20it/s]
Ep 8/15:  22%|██▏       | 2/9 [00:00<00:00,  7.09it/s]
Ep 8/15:  33%|███▎      | 3/9 [00:00<00:00,  7.45it/s]
Ep 8/15:  44%|████▍     | 4/9 [00:00<00:00,  7.50it/s]
Ep 8/15:  56%|█████▌    | 5/9 [00:00<00:00,  7.64it/s]
Ep 8/15:  67%|██████▋   | 6/9 [00:00<00:00,  7.66it/s]
Ep 8/15:  78%|███████▊  | 7/9 [00:00<00:00,  7.64it/s]
Ep 8/15:  89%|████████▉ | 8/9 [00:01<00:00,  7.49it/s]
                                                      

Ep 9/15:   0%|          | 0/9 [00:00<?, ?it/s]
Ep 9/15:  11%|█         | 1/9 [00:00<00:01,  7.30it/s]
Ep 9/15:  22%|██▏       | 2/9 [00:00<00:00,  7.13it/s]
Ep 9/15:  33%|███▎      | 3/9 [00:00<00:00,  7.00it/s]
Ep 9/15:  44%|████▍     | 4/9 [00:00<00:00,  7.11it/s]
Ep 9/15:  56%|█████▌    | 5/9 [00:00<00:00,  6.89it/s]
Ep 9/15:  67%|██████▋   | 6/9 [00:00<00:00,  6.87it/s]
Ep 9/15:  78%|███████▊  | 7/9 [00:01<00:00,  6.42it/s]
Ep 9/15:  89%|████████▉ | 8/9 [00:01<00:00,  6.82it/s]
                                                      

Ep 10/15:   0%|          | 0/9 [00:00<?, ?it/s]
Ep 10/15:  11%|█         | 1/9 [00:00<00:01,  7.31it/s]
Ep 10/15:  22%|██▏       | 2/9 [00:00<00:00,  7.17it/s]
Ep 10/15:  33%|███▎      | 3/9 [00:00<00:00,  6.65it/s]
Ep 10/15:  44%|████▍     | 4/9 [00:00<00:00,  6.66it/s]
Ep 10/15:  56%|█████▌    | 5/9 [00:00<00:00,  7.01it/s]
Ep 10/15:  67%|██████▋   | 6/9 [00:00<00:00,  7.19it/s]
Ep 10/15:  78%|███████▊  | 7/9 [00:00<00:00,  7.40it/s]
Ep 10/15:  89%|████████▉ | 8/9 [00:01<00:00,  7.56it/s]
                                                       

Ep 11/15:   0%|          | 0/9 [00:00<?, ?it/s]
Ep 11/15:  11%|█         | 1/9 [00:00<00:01,  7.84it/s]
Ep 11/15:  22%|██▏       | 2/9 [00:00<00:00,  7.51it/s]
Ep 11/15:  33%|███▎      | 3/9 [00:00<00:00,  7.20it/s]
Ep 11/15:  44%|████▍     | 4/9 [00:00<00:00,  7.50it/s]
Ep 11/15:  56%|█████▌    | 5/9 [00:00<00:00,  7.56it/s]
Ep 11/15:  67%|██████▋   | 6/9 [00:00<00:00,  7.56it/s]
Ep 11/15:  78%|███████▊  | 7/9 [00:00<00:00,  7.50it/s]
Ep 11/15:  89%|████████▉ | 8/9 [00:01<00:00,  7.35it/s]
                                                       

Ep 12/15:   0%|          | 0/9 [00:00<?, ?it/s]
Ep 12/15:  11%|█         | 1/9 [00:00<00:01,  6.23it/s]
Ep 12/15:  22%|██▏       | 2/9 [00:00<00:00,  7.14it/s]
Ep 12/15:  33%|███▎      | 3/9 [00:00<00:00,  7.47it/s]
Ep 12/15:  44%|████▍     | 4/9 [00:00<00:00,  7.56it/s]
Ep 12/15:  56%|█████▌    | 5/9 [00:00<00:00,  7.66it/s]
Ep 12/15:  67%|██████▋   | 6/9 [00:00<00:00,  7.76it/s]
Ep 12/15:  78%|███████▊  | 7/9 [00:00<00:00,  7.58it/s]
Ep 12/15:  89%|████████▉ | 8/9 [00:01<00:00,  7.50it/s]
                                                       

Ep 13/15:   0%|          | 0/9 [00:00<?, ?it/s]
Ep 13/15:  11%|█         | 1/9 [00:00<00:00,  8.00it/s]
Ep 13/15:  22%|██▏       | 2/9 [00:00<00:00,  7.87it/s]
Ep 13/15:  33%|███▎      | 3/9 [00:00<00:00,  7.65it/s]
Ep 13/15:  44%|████▍     | 4/9 [00:00<00:00,  7.52it/s]
Ep 13/15:  56%|█████▌    | 5/9 [00:00<00:00,  7.36it/s]
Ep 13/15:  67%|██████▋   | 6/9 [00:00<00:00,  7.24it/s]
Ep 13/15:  78%|███████▊  | 7/9 [00:00<00:00,  6.85it/s]
Ep 13/15:  89%|████████▉ | 8/9 [00:01<00:00,  7.02it/s]
                                                       

Ep 14/15:   0%|          | 0/9 [00:00<?, ?it/s]
Ep 14/15:  11%|█         | 1/9 [00:00<00:01,  6.95it/s]
Ep 14/15:  22%|██▏       | 2/9 [00:00<00:00,  7.06it/s]
Ep 14/15:  33%|███▎      | 3/9 [00:00<00:00,  7.14it/s]
Ep 14/15:  44%|████▍     | 4/9 [00:00<00:00,  7.16it/s]
Ep 14/15:  56%|█████▌    | 5/9 [00:00<00:00,  7.18it/s]
Ep 14/15:  67%|██████▋   | 6/9 [00:00<00:00,  7.12it/s]
Ep 14/15:  78%|███████▊  | 7/9 [00:00<00:00,  7.28it/s]
Ep 14/15:  89%|████████▉ | 8/9 [00:01<00:00,  7.33it/s]
                                                       

Ep 15/15:   0%|          | 0/9 [00:00<?, ?it/s]
Ep 15/15:  11%|█         | 1/9 [00:00<00:01,  7.72it/s]
Ep 15/15:  22%|██▏       | 2/9 [00:00<00:00,  7.72it/s]
Ep 15/15:  33%|███▎      | 3/9 [00:00<00:00,  7.44it/s]
Ep 15/15:  44%|████▍     | 4/9 [00:00<00:00,  7.57it/s]
Ep 15/15:  56%|█████▌    | 5/9 [00:00<00:00,  7.50it/s]
Ep 15/15:  67%|██████▋   | 6/9 [00:00<00:00,  7.53it/s]
Ep 15/15:  78%|███████▊  | 7/9 [00:00<00:00,  7.38it/s]
Ep 15/15:  89%|████████▉ | 8/9 [00:01<00:00,  7.08it/s]
                                                       
