Device: mps

[Data] Loading HeteroData (16GB)...
[Data] Loading labels...
[Data] Computing basic features...
[Data] Setting auxiliary features to ones...
[Data] Undirecting graph...
✅ Data ready in 1175.7s

[Phase 1] Training GNN Proxy...
   Ep 1: Loss 1.3357
   Ep 2: Loss 1.2227
   Ep 3: Loss 1.2134
   Ep 4: Loss 1.1713
   Ep 5: Loss 1.1522
✅ GNN Trained. Extracting Embeddings...
   Extracting partitions...
   Train Matrix: (4375, 53)
   Test Matrix:  (938, 53)

[Phase 2] Training XGBoost on Hybrid Features...

============================================================
HYBRID MODEL RESULTS (V7 Stable)
============================================================
✅ XGBoost + Graph Embeddings Results (thresh=0.151):
   AUC: 0.6605 | F1: 0.1874
------------------------------
              precision    recall  f1-score   support

   Non-Fraud       0.96      0.63      0.76       876
       Fraud       0.11      0.63      0.18        62

    accuracy                           0.63       938
   macro avg       0.53      0.63      0.47       938
weighted avg       0.90      0.63      0.72       938


(Baseline Comparison: pure features only)
   Pure Tabular AUC: 0.6121 (Lift: +0.0484)
✅ Models saved.
/opt/miniconda3/lib/python3.12/site-packages/torch_geometric/nn/fx.py:132: UserWarning: Found function 'dropout' with keyword argument 'training'. During FX tracing, this will likely be baked in as a constant value. Consider replacing this function by a module to properly encapsulate its training flag.
  warnings.warn(f"Found function '{node.name}' with keyword "

Ep 1/5:   0%|          | 0/9 [00:00<?, ?it/s]/opt/miniconda3/lib/python3.12/site-packages/torch_geometric/utils/_scatter.py:100: UserWarning: The operator 'aten::scatter_reduce.two_out' is not currently supported on the MPS backend and will fall back to run on the CPU. This may have performance implications. (Triggered internally at /Users/runner/work/pytorch/pytorch/pytorch/aten/src/ATen/mps/MPSFallback.mm:13.)
  return src.new_zeros(size).scatter_reduce_(

Ep 1/5:  11%|█         | 1/9 [00:00<00:07,  1.06it/s]
Ep 1/5:  22%|██▏       | 2/9 [00:01<00:04,  1.47it/s]
Ep 1/5:  33%|███▎      | 3/9 [00:01<00:03,  1.65it/s]
Ep 1/5:  44%|████▍     | 4/9 [00:02<00:02,  1.78it/s]
Ep 1/5:  56%|█████▌    | 5/9 [00:02<00:02,  1.85it/s]
Ep 1/5:  67%|██████▋   | 6/9 [00:03<00:01,  1.90it/s]
Ep 1/5:  78%|███████▊  | 7/9 [00:04<00:01,  1.85it/s]
Ep 1/5:  89%|████████▉ | 8/9 [00:04<00:00,  1.88it/s]
Ep 1/5: 100%|██████████| 9/9 [00:05<00:00,  1.80it/s]
                                                     

Ep 2/5:   0%|          | 0/9 [00:00<?, ?it/s]
Ep 2/5:  11%|█         | 1/9 [00:00<00:04,  1.80it/s]
Ep 2/5:  22%|██▏       | 2/9 [00:00<00:03,  2.04it/s]
Ep 2/5:  33%|███▎      | 3/9 [00:01<00:02,  2.07it/s]
Ep 2/5:  44%|████▍     | 4/9 [00:02<00:02,  1.83it/s]
Ep 2/5:  56%|█████▌    | 5/9 [00:02<00:02,  1.87it/s]
Ep 2/5:  67%|██████▋   | 6/9 [00:03<00:01,  1.79it/s]
Ep 2/5:  78%|███████▊  | 7/9 [00:03<00:01,  1.74it/s]
Ep 2/5:  89%|████████▉ | 8/9 [00:04<00:00,  1.63it/s]
Ep 2/5: 100%|██████████| 9/9 [00:05<00:00,  1.58it/s]
                                                     

Ep 3/5:   0%|          | 0/9 [00:00<?, ?it/s]
Ep 3/5:  11%|█         | 1/9 [00:00<00:04,  1.75it/s]
Ep 3/5:  22%|██▏       | 2/9 [00:01<00:03,  1.79it/s]
Ep 3/5:  33%|███▎      | 3/9 [00:01<00:03,  1.74it/s]
Ep 3/5:  44%|████▍     | 4/9 [00:02<00:02,  1.76it/s]
Ep 3/5:  56%|█████▌    | 5/9 [00:02<00:02,  1.78it/s]
Ep 3/5:  67%|██████▋   | 6/9 [00:03<00:01,  1.92it/s]
Ep 3/5:  78%|███████▊  | 7/9 [00:03<00:01,  1.98it/s]
Ep 3/5:  89%|████████▉ | 8/9 [00:04<00:00,  1.78it/s]
Ep 3/5: 100%|██████████| 9/9 [00:05<00:00,  1.57it/s]
                                                     

Ep 4/5:   0%|          | 0/9 [00:00<?, ?it/s]
Ep 4/5:  11%|█         | 1/9 [00:00<00:06,  1.27it/s]
Ep 4/5:  22%|██▏       | 2/9 [00:01<00:04,  1.44it/s]
Ep 4/5:  33%|███▎      | 3/9 [00:02<00:04,  1.46it/s]
Ep 4/5:  44%|████▍     | 4/9 [00:02<00:03,  1.59it/s]
Ep 4/5:  56%|█████▌    | 5/9 [00:03<00:02,  1.71it/s]
Ep 4/5:  67%|██████▋   | 6/9 [00:03<00:01,  1.74it/s]
Ep 4/5:  78%|███████▊  | 7/9 [00:04<00:01,  1.48it/s]
Ep 4/5:  89%|████████▉ | 8/9 [00:05<00:00,  1.58it/s]
Ep 4/5: 100%|██████████| 9/9 [00:06<00:00,  1.38it/s]
                                                     

Ep 5/5:   0%|          | 0/9 [00:00<?, ?it/s]
Ep 5/5:  11%|█         | 1/9 [00:00<00:06,  1.31it/s]
Ep 5/5:  22%|██▏       | 2/9 [00:01<00:04,  1.46it/s]
Ep 5/5:  33%|███▎      | 3/9 [00:02<00:04,  1.49it/s]
Ep 5/5:  44%|████▍     | 4/9 [00:02<00:03,  1.48it/s]
Ep 5/5:  56%|█████▌    | 5/9 [00:03<00:02,  1.38it/s]
Ep 5/5:  67%|██████▋   | 6/9 [00:04<00:02,  1.49it/s]
Ep 5/5:  78%|███████▊  | 7/9 [00:04<00:01,  1.69it/s]
Ep 5/5:  89%|████████▉ | 8/9 [00:05<00:00,  1.76it/s]
Ep 5/5: 100%|██████████| 9/9 [00:05<00:00,  1.58it/s]
                                                     

Extracting:   0%|          | 0/9 [00:00<?, ?it/s]
Extracting:  11%|█         | 1/9 [00:02<00:19,  2.41s/it]
Extracting:  22%|██▏       | 2/9 [00:04<00:15,  2.27s/it]
Extracting:  33%|███▎      | 3/9 [00:05<00:10,  1.77s/it]
Extracting:  44%|████▍     | 4/9 [00:06<00:06,  1.38s/it]
Extracting:  56%|█████▌    | 5/9 [00:07<00:04,  1.24s/it]
Extracting:  67%|██████▋   | 6/9 [00:08<00:03,  1.07s/it]
Extracting:  78%|███████▊  | 7/9 [00:09<00:02,  1.02s/it]
Extracting:  89%|████████▉ | 8/9 [00:10<00:00,  1.02it/s]
Extracting: 100%|██████████| 9/9 [00:11<00:00,  1.02it/s]
Extracting: 100%|██████████| 9/9 [00:11<00:00,  1.23s/it]

Extracting:   0%|          | 0/2 [00:00<?, ?it/s]
Extracting:  50%|█████     | 1/2 [00:00<00:00,  1.28it/s]
Extracting: 100%|██████████| 2/2 [00:01<00:00,  1.02s/it]
Extracting: 100%|██████████| 2/2 [00:01<00:00,  1.02it/s]
