Device: mps
🚀 Starting Multi-GNN Training Pipeline
   (Memory-optimized: 2-layer models, reduced hidden dim)

============================================================
LOADING DATA
============================================================
[1/6] Loading HeteroData from disk...
       ✓ Loaded in 7.3s
[2/6] Loading pekerja map...
       ✓ 6,250 pekerja mapped
[3/6] Loading fraud labels...
       ✓ 528 fraud labels loaded
[4/6] Computing pekerja features...
       ✓ 21 features in 1178.5s
[5/6] Initializing other node features...
       ✓ nasabah: 12,270,075 nodes
       ✓ simpanan: 15,636,712 nodes
       ✓ pinjaman: 1,524,589 nodes
       ✓ transaksi: 185,262,274 nodes
[6/6] Adding reverse edges (ToUndirected)...
       ✓ Graph now has 10 edge types

✅ Data loading complete in 1188.6s

Setting up NeighborLoader (Depth: 2 hops)...

============================================================
TRAINING MODEL: SAGE
============================================================
[1/4] Initializing SAGE model...
[2/4] Converting to heterogeneous graph model...
[3/4] Running dummy forward pass...
[4/4] Setup complete!
       Model params: 23,205
       Train batches: 9, Val batches: 2
       Pos weight: 10.42
------------------------------------------------------------
   Loss: 1.2683 | Val AUC: 0.6254 | F1: 0.2000
   Loss: 1.2308 | Val AUC: 0.6822 | F1: 0.2296
   Loss: 1.2047 | Val AUC: 0.6727 | F1: 0.1988
   Loss: 1.1837 | Val AUC: 0.6513 | F1: 0.2000
   Loss: 1.1648 | Val AUC: 0.6804 | F1: 0.2136
   Loss: 1.1425 | Val AUC: 0.6927 | F1: 0.2255
   Loss: 1.1361 | Val AUC: 0.6735 | F1: 0.2075
   Loss: 1.1334 | Val AUC: 0.6622 | F1: 0.1969
   Loss: 1.1261 | Val AUC: 0.6867 | F1: 0.2385
   Loss: 1.1193 | Val AUC: 0.6726 | F1: 0.2025

Evaluating SAGE on Test Set...
------------------------------------------------------------
✅ SAGE Final Results (thresh=0.582):
   AUC: 0.7043
   F1 : 0.2486
--------------------
Classification Report:
              precision    recall  f1-score   support

   Non-Fraud       0.95      0.72      0.82       861
       Fraud       0.15      0.57      0.24        77

    accuracy                           0.71       938
   macro avg       0.55      0.65      0.53       938
weighted avg       0.88      0.71      0.77       938

--------------------
Confusion Matrix:
[[621 240]
 [ 33  44]]

⚠️  GAT uses CPU fallback for some ops (slower)

============================================================
TRAINING MODEL: GAT
============================================================
[1/4] Initializing GAT model...
[2/4] Converting to heterogeneous graph model...
[3/4] Running dummy forward pass...
[4/4] Setup complete!
       Model params: 24,485
       Train batches: 9, Val batches: 2
       Pos weight: 10.42
------------------------------------------------------------
   Loss: 1.2645 | Val AUC: 0.5603 | F1: 0.1736
   Loss: 1.2456 | Val AUC: 0.6233 | F1: 0.1834
   Loss: 1.2316 | Val AUC: 0.6032 | F1: 0.1908
   Loss: 1.2185 | Val AUC: 0.6512 | F1: 0.1929
   Loss: 1.2031 | Val AUC: 0.6288 | F1: 0.1930
   Loss: 1.1817 | Val AUC: 0.6595 | F1: 0.1962
   Loss: 1.1699 | Val AUC: 0.6363 | F1: 0.1930
   Loss: 1.1580 | Val AUC: 0.6502 | F1: 0.1940
   Loss: 1.1339 | Val AUC: 0.6520 | F1: 0.2040
   Loss: 1.1353 | Val AUC: 0.6646 | F1: 0.2105

Evaluating GAT on Test Set...
------------------------------------------------------------
✅ GAT Final Results (thresh=0.533):
   AUC: 0.7067
   F1 : 0.2489
--------------------
Classification Report:
              precision    recall  f1-score   support

   Non-Fraud       0.96      0.61      0.75       861
       Fraud       0.15      0.75      0.25        77

    accuracy                           0.62       938
   macro avg       0.56      0.68      0.50       938
weighted avg       0.90      0.62      0.70       938

--------------------
Confusion Matrix:
[[523 338]
 [ 19  58]]

⚠️  Transformer uses CPU fallback for some ops (slower)

============================================================
TRAINING MODEL: Transformer
============================================================
[1/4] Initializing Transformer model...
[2/4] Converting to heterogeneous graph model...
[3/4] Running dummy forward pass...
[4/4] Setup complete!
       Model params: 47,525
       Train batches: 9, Val batches: 2
       Pos weight: 10.42
------------------------------------------------------------
   Loss: 1.2719 | Val AUC: 0.6109 | F1: 0.1804
   Loss: 1.2356 | Val AUC: 0.6328 | F1: 0.1910
   Loss: 1.2024 | Val AUC: 0.6878 | F1: 0.2201
   Loss: 1.1711 | Val AUC: 0.6625 | F1: 0.1932
   Loss: 1.1482 | Val AUC: 0.6732 | F1: 0.2043
   Loss: 1.1352 | Val AUC: 0.6960 | F1: 0.2254
   Loss: 1.1229 | Val AUC: 0.6911 | F1: 0.2216
   Loss: 1.1264 | Val AUC: 0.6870 | F1: 0.2171
   Loss: 1.1245 | Val AUC: 0.6719 | F1: 0.1980
   Loss: 1.1237 | Val AUC: 0.6793 | F1: 0.2025

Evaluating Transformer on Test Set...
------------------------------------------------------------
✅ Transformer Final Results (thresh=0.647):
   AUC: 0.7164
   F1 : 0.2636
--------------------
Classification Report:
              precision    recall  f1-score   support

   Non-Fraud       0.94      0.87      0.90       861
       Fraud       0.20      0.36      0.26        77

    accuracy                           0.83       938
   macro avg       0.57      0.62      0.58       938
weighted avg       0.88      0.83      0.85       938

--------------------
Confusion Matrix:
[[747 114]
 [ 49  28]]

============================================================
FINAL COMPARISON
============================================================
SAGE        : AUC=0.7043, F1=0.2486
GAT         : AUC=0.7067, F1=0.2489
Transformer : AUC=0.7164, F1=0.2636
/opt/miniconda3/lib/python3.12/site-packages/torch_geometric/nn/fx.py:132: UserWarning: Found function 'dropout' with keyword argument 'training'. During FX tracing, this will likely be baked in as a constant value. Consider replacing this function by a module to properly encapsulate its training flag.
  warnings.warn(f"Found function '{node.name}' with keyword "
python(13608) MallocStackLogging: can't turn off malloc stack logging because it was not enabled.

Ep 1/10:   0%|          | 0/9 [00:00<?, ?it/s]
Ep 1/10:   0%|          | 0/9 [00:00<?, ?it/s, loss=1.2696]
Ep 1/10:  11%|█         | 1/9 [00:00<00:05,  1.34it/s, loss=1.2696]
Ep 1/10:  11%|█         | 1/9 [00:01<00:05,  1.34it/s, loss=1.2433]
Ep 1/10:  22%|██▏       | 2/9 [00:01<00:04,  1.73it/s, loss=1.2433]
Ep 1/10:  22%|██▏       | 2/9 [00:01<00:04,  1.73it/s, loss=1.4095]
Ep 1/10:  33%|███▎      | 3/9 [00:01<00:03,  1.87it/s, loss=1.4095]
Ep 1/10:  33%|███▎      | 3/9 [00:02<00:03,  1.87it/s, loss=1.2061]
Ep 1/10:  44%|████▍     | 4/9 [00:02<00:02,  1.91it/s, loss=1.2061]
Ep 1/10:  44%|████▍     | 4/9 [00:02<00:02,  1.91it/s, loss=1.2897]
Ep 1/10:  56%|█████▌    | 5/9 [00:02<00:02,  1.93it/s, loss=1.2897]
Ep 1/10:  56%|█████▌    | 5/9 [00:03<00:02,  1.93it/s, loss=1.2228]
Ep 1/10:  67%|██████▋   | 6/9 [00:03<00:01,  2.09it/s, loss=1.2228]
Ep 1/10:  67%|██████▋   | 6/9 [00:03<00:01,  2.09it/s, loss=1.2509]
Ep 1/10:  78%|███████▊  | 7/9 [00:03<00:00,  2.27it/s, loss=1.2509]
Ep 1/10:  78%|███████▊  | 7/9 [00:03<00:00,  2.27it/s, loss=1.2494]
Ep 1/10:  89%|████████▉ | 8/9 [00:03<00:00,  2.23it/s, loss=1.2494]
Ep 1/10:  89%|████████▉ | 8/9 [00:04<00:00,  2.23it/s, loss=1.2783]
Ep 1/10: 100%|██████████| 9/9 [00:04<00:00,  2.29it/s, loss=1.2783]
                                                                   

Ep 2/10:   0%|          | 0/9 [00:00<?, ?it/s]
Ep 2/10:   0%|          | 0/9 [00:00<?, ?it/s, loss=1.2184]
Ep 2/10:  11%|█         | 1/9 [00:00<00:02,  2.73it/s, loss=1.2184]
Ep 2/10:  11%|█         | 1/9 [00:00<00:02,  2.73it/s, loss=1.2455]
Ep 2/10:  22%|██▏       | 2/9 [00:00<00:02,  2.61it/s, loss=1.2455]
Ep 2/10:  22%|██▏       | 2/9 [00:01<00:02,  2.61it/s, loss=1.1429]
Ep 2/10:  33%|███▎      | 3/9 [00:01<00:02,  2.84it/s, loss=1.1429]
Ep 2/10:  33%|███▎      | 3/9 [00:01<00:02,  2.84it/s, loss=1.2746]
Ep 2/10:  44%|████▍     | 4/9 [00:01<00:01,  3.10it/s, loss=1.2746]
Ep 2/10:  44%|████▍     | 4/9 [00:01<00:01,  3.10it/s, loss=1.2026]
Ep 2/10:  56%|█████▌    | 5/9 [00:01<00:01,  3.20it/s, loss=1.2026]
Ep 2/10:  56%|█████▌    | 5/9 [00:01<00:01,  3.20it/s, loss=1.2460]
Ep 2/10:  67%|██████▋   | 6/9 [00:01<00:00,  3.33it/s, loss=1.2460]
Ep 2/10:  67%|██████▋   | 6/9 [00:02<00:00,  3.33it/s, loss=1.2097]
Ep 2/10:  78%|███████▊  | 7/9 [00:02<00:00,  3.42it/s, loss=1.2097]
Ep 2/10:  78%|███████▊  | 7/9 [00:02<00:00,  3.42it/s, loss=1.2806]
Ep 2/10:  89%|████████▉ | 8/9 [00:02<00:00,  3.58it/s, loss=1.2806]
Ep 2/10:  89%|████████▉ | 8/9 [00:02<00:00,  3.58it/s, loss=1.2793]
Ep 2/10: 100%|██████████| 9/9 [00:02<00:00,  3.14it/s, loss=1.2793]
                                                                   

Ep 3/10:   0%|          | 0/9 [00:00<?, ?it/s]
Ep 3/10:   0%|          | 0/9 [00:00<?, ?it/s, loss=1.2480]
Ep 3/10:  11%|█         | 1/9 [00:00<00:03,  2.44it/s, loss=1.2480]
Ep 3/10:  11%|█         | 1/9 [00:00<00:03,  2.44it/s, loss=1.3015]
Ep 3/10:  22%|██▏       | 2/9 [00:00<00:02,  3.28it/s, loss=1.3015]
Ep 3/10:  22%|██▏       | 2/9 [00:01<00:02,  3.28it/s, loss=1.1522]
Ep 3/10:  33%|███▎      | 3/9 [00:01<00:02,  2.79it/s, loss=1.1522]
Ep 3/10:  33%|███▎      | 3/9 [00:01<00:02,  2.79it/s, loss=1.1664]
Ep 3/10:  44%|████▍     | 4/9 [00:01<00:01,  3.64it/s, loss=1.1664]
Ep 3/10:  44%|████▍     | 4/9 [00:01<00:01,  3.64it/s, loss=1.3349]
Ep 3/10:  56%|█████▌    | 5/9 [00:01<00:01,  3.56it/s, loss=1.3349]
Ep 3/10:  56%|█████▌    | 5/9 [00:01<00:01,  3.56it/s, loss=1.1322]
Ep 3/10:  67%|██████▋   | 6/9 [00:01<00:00,  3.36it/s, loss=1.1322]
Ep 3/10:  67%|██████▋   | 6/9 [00:02<00:00,  3.36it/s, loss=1.1281]
Ep 3/10:  78%|███████▊  | 7/9 [00:02<00:00,  3.79it/s, loss=1.1281]
Ep 3/10:  78%|███████▊  | 7/9 [00:02<00:00,  3.79it/s, loss=1.2044]
Ep 3/10:  89%|████████▉ | 8/9 [00:02<00:00,  3.68it/s, loss=1.2044]
Ep 3/10:  89%|████████▉ | 8/9 [00:02<00:00,  3.68it/s, loss=1.1496]
Ep 3/10: 100%|██████████| 9/9 [00:02<00:00,  3.43it/s, loss=1.1496]
                                                                   

Ep 4/10:   0%|          | 0/9 [00:00<?, ?it/s]
Ep 4/10:   0%|          | 0/9 [00:00<?, ?it/s, loss=1.1233]
Ep 4/10:  11%|█         | 1/9 [00:00<00:03,  2.43it/s, loss=1.1233]
Ep 4/10:  11%|█         | 1/9 [00:00<00:03,  2.43it/s, loss=1.1987]
Ep 4/10:  22%|██▏       | 2/9 [00:00<00:02,  2.72it/s, loss=1.1987]
Ep 4/10:  22%|██▏       | 2/9 [00:01<00:02,  2.72it/s, loss=1.2348]
Ep 4/10:  33%|███▎      | 3/9 [00:01<00:01,  3.15it/s, loss=1.2348]
Ep 4/10:  33%|███▎      | 3/9 [00:01<00:01,  3.15it/s, loss=1.1300]
Ep 4/10:  44%|████▍     | 4/9 [00:01<00:01,  2.84it/s, loss=1.1300]
Ep 4/10:  44%|████▍     | 4/9 [00:01<00:01,  2.84it/s, loss=1.2496]
Ep 4/10:  56%|█████▌    | 5/9 [00:01<00:01,  2.87it/s, loss=1.2496]
Ep 4/10:  56%|█████▌    | 5/9 [00:01<00:01,  2.87it/s, loss=1.2157]
Ep 4/10:  67%|██████▋   | 6/9 [00:01<00:00,  3.41it/s, loss=1.2157]
Ep 4/10:  67%|██████▋   | 6/9 [00:02<00:00,  3.41it/s, loss=1.1614]
Ep 4/10:  78%|███████▊  | 7/9 [00:02<00:00,  3.33it/s, loss=1.1614]
Ep 4/10:  78%|███████▊  | 7/9 [00:02<00:00,  3.33it/s, loss=1.2363]
Ep 4/10:  89%|████████▉ | 8/9 [00:02<00:00,  3.19it/s, loss=1.2363]
Ep 4/10:  89%|████████▉ | 8/9 [00:03<00:00,  3.19it/s, loss=1.0368]
Ep 4/10: 100%|██████████| 9/9 [00:03<00:00,  2.54it/s, loss=1.0368]
                                                                   

Ep 5/10:   0%|          | 0/9 [00:00<?, ?it/s]
Ep 5/10:   0%|          | 0/9 [00:00<?, ?it/s, loss=1.2581]
Ep 5/10:  11%|█         | 1/9 [00:00<00:01,  4.35it/s, loss=1.2581]
Ep 5/10:  11%|█         | 1/9 [00:00<00:01,  4.35it/s, loss=1.0830]
Ep 5/10:  22%|██▏       | 2/9 [00:00<00:01,  3.92it/s, loss=1.0830]
Ep 5/10:  22%|██▏       | 2/9 [00:00<00:01,  3.92it/s, loss=1.1209]
Ep 5/10:  33%|███▎      | 3/9 [00:00<00:01,  4.45it/s, loss=1.1209]
Ep 5/10:  33%|███▎      | 3/9 [00:00<00:01,  4.45it/s, loss=1.1666]
Ep 5/10:  44%|████▍     | 4/9 [00:00<00:01,  4.04it/s, loss=1.1666]
Ep 5/10:  44%|████▍     | 4/9 [00:01<00:01,  4.04it/s, loss=1.1787]
Ep 5/10:  56%|█████▌    | 5/9 [00:01<00:00,  4.55it/s, loss=1.1787]
Ep 5/10:  56%|█████▌    | 5/9 [00:01<00:00,  4.55it/s, loss=1.1412]
Ep 5/10:  67%|██████▋   | 6/9 [00:01<00:00,  4.17it/s, loss=1.1412]
Ep 5/10:  67%|██████▋   | 6/9 [00:01<00:00,  4.17it/s, loss=1.1291]
Ep 5/10:  78%|███████▊  | 7/9 [00:01<00:00,  3.89it/s, loss=1.1291]
Ep 5/10:  78%|███████▊  | 7/9 [00:02<00:00,  3.89it/s, loss=1.1777]
Ep 5/10:  89%|████████▉ | 8/9 [00:02<00:00,  3.42it/s, loss=1.1777]
Ep 5/10:  89%|████████▉ | 8/9 [00:02<00:00,  3.42it/s, loss=1.2805]
Ep 5/10: 100%|██████████| 9/9 [00:02<00:00,  2.64it/s, loss=1.2805]
                                                                   

Ep 6/10:   0%|          | 0/9 [00:00<?, ?it/s]
Ep 6/10:   0%|          | 0/9 [00:00<?, ?it/s, loss=1.0922]
Ep 6/10:  11%|█         | 1/9 [00:00<00:02,  3.31it/s, loss=1.0922]
Ep 6/10:  11%|█         | 1/9 [00:00<00:02,  3.31it/s, loss=1.1518]
Ep 6/10:  22%|██▏       | 2/9 [00:00<00:01,  3.64it/s, loss=1.1518]
Ep 6/10:  22%|██▏       | 2/9 [00:00<00:01,  3.64it/s, loss=1.1657]
Ep 6/10:  33%|███▎      | 3/9 [00:00<00:01,  3.53it/s, loss=1.1657]
Ep 6/10:  33%|███▎      | 3/9 [00:01<00:01,  3.53it/s, loss=1.1577]
Ep 6/10:  44%|████▍     | 4/9 [00:01<00:01,  3.06it/s, loss=1.1577]
Ep 6/10:  44%|████▍     | 4/9 [00:01<00:01,  3.06it/s, loss=1.2195]
Ep 6/10:  56%|█████▌    | 5/9 [00:01<00:01,  2.76it/s, loss=1.2195]
Ep 6/10:  56%|█████▌    | 5/9 [00:01<00:01,  2.76it/s, loss=1.1054]
Ep 6/10:  67%|██████▋   | 6/9 [00:01<00:01,  2.90it/s, loss=1.1054]
Ep 6/10:  67%|██████▋   | 6/9 [00:02<00:01,  2.90it/s, loss=1.1014]
Ep 6/10:  78%|███████▊  | 7/9 [00:02<00:00,  3.02it/s, loss=1.1014]
Ep 6/10:  78%|███████▊  | 7/9 [00:02<00:00,  3.02it/s, loss=1.1110]
Ep 6/10:  89%|████████▉ | 8/9 [00:02<00:00,  3.10it/s, loss=1.1110]
Ep 6/10:  89%|████████▉ | 8/9 [00:03<00:00,  3.10it/s, loss=1.2076]
Ep 6/10: 100%|██████████| 9/9 [00:03<00:00,  2.67it/s, loss=1.2076]
                                                                   

Ep 7/10:   0%|          | 0/9 [00:00<?, ?it/s]
Ep 7/10:   0%|          | 0/9 [00:00<?, ?it/s, loss=1.1254]
Ep 7/10:  11%|█         | 1/9 [00:00<00:02,  3.54it/s, loss=1.1254]
Ep 7/10:  11%|█         | 1/9 [00:00<00:02,  3.54it/s, loss=1.0776]
Ep 7/10:  22%|██▏       | 2/9 [00:00<00:01,  3.70it/s, loss=1.0776]
Ep 7/10:  22%|██▏       | 2/9 [00:00<00:01,  3.70it/s, loss=1.1450]
Ep 7/10:  33%|███▎      | 3/9 [00:00<00:01,  4.14it/s, loss=1.1450]
Ep 7/10:  33%|███▎      | 3/9 [00:01<00:01,  4.14it/s, loss=1.1265]
Ep 7/10:  44%|████▍     | 4/9 [00:01<00:01,  3.70it/s, loss=1.1265]
Ep 7/10:  44%|████▍     | 4/9 [00:01<00:01,  3.70it/s, loss=1.1053]
Ep 7/10:  56%|█████▌    | 5/9 [00:01<00:00,  4.09it/s, loss=1.1053]
Ep 7/10:  56%|█████▌    | 5/9 [00:01<00:00,  4.09it/s, loss=1.1811]
Ep 7/10:  67%|██████▋   | 6/9 [00:01<00:00,  3.28it/s, loss=1.1811]
Ep 7/10:  67%|██████▋   | 6/9 [00:02<00:00,  3.28it/s, loss=1.1458]
Ep 7/10:  78%|███████▊  | 7/9 [00:02<00:00,  3.12it/s, loss=1.1458]
Ep 7/10:  78%|███████▊  | 7/9 [00:02<00:00,  3.12it/s, loss=1.1621]
Ep 7/10:  89%|████████▉ | 8/9 [00:02<00:00,  3.25it/s, loss=1.1621]
Ep 7/10:  89%|████████▉ | 8/9 [00:02<00:00,  3.25it/s, loss=1.1724]
Ep 7/10: 100%|██████████| 9/9 [00:02<00:00,  2.66it/s, loss=1.1724]
                                                                   

Ep 8/10:   0%|          | 0/9 [00:00<?, ?it/s]
Ep 8/10:   0%|          | 0/9 [00:00<?, ?it/s, loss=1.1029]
Ep 8/10:  11%|█         | 1/9 [00:00<00:01,  5.34it/s, loss=1.1029]
Ep 8/10:  11%|█         | 1/9 [00:00<00:01,  5.34it/s, loss=1.0801]
Ep 8/10:  22%|██▏       | 2/9 [00:00<00:01,  4.91it/s, loss=1.0801]
Ep 8/10:  22%|██▏       | 2/9 [00:00<00:01,  4.91it/s, loss=1.1194]
Ep 8/10:  33%|███▎      | 3/9 [00:00<00:01,  3.15it/s, loss=1.1194]
Ep 8/10:  33%|███▎      | 3/9 [00:01<00:01,  3.15it/s, loss=1.0426]
Ep 8/10:  44%|████▍     | 4/9 [00:01<00:01,  3.33it/s, loss=1.0426]
Ep 8/10:  44%|████▍     | 4/9 [00:01<00:01,  3.33it/s, loss=1.1460]
Ep 8/10:  56%|█████▌    | 5/9 [00:01<00:01,  2.65it/s, loss=1.1460]
Ep 8/10:  56%|█████▌    | 5/9 [00:02<00:01,  2.65it/s, loss=1.2078]
Ep 8/10:  67%|██████▋   | 6/9 [00:02<00:01,  2.67it/s, loss=1.2078]
Ep 8/10:  67%|██████▋   | 6/9 [00:02<00:01,  2.67it/s, loss=1.1368]
Ep 8/10:  78%|███████▊  | 7/9 [00:02<00:00,  3.09it/s, loss=1.1368]
Ep 8/10:  78%|███████▊  | 7/9 [00:02<00:00,  3.09it/s, loss=1.1566]
Ep 8/10:  89%|████████▉ | 8/9 [00:02<00:00,  3.03it/s, loss=1.1566]
Ep 8/10:  89%|████████▉ | 8/9 [00:03<00:00,  3.03it/s, loss=1.2712]
Ep 8/10: 100%|██████████| 9/9 [00:03<00:00,  2.52it/s, loss=1.2712]
                                                                   

Ep 9/10:   0%|          | 0/9 [00:00<?, ?it/s]
Ep 9/10:   0%|          | 0/9 [00:00<?, ?it/s, loss=1.1579]
Ep 9/10:  11%|█         | 1/9 [00:00<00:02,  2.74it/s, loss=1.1579]
Ep 9/10:  11%|█         | 1/9 [00:00<00:02,  2.74it/s, loss=1.1859]
Ep 9/10:  22%|██▏       | 2/9 [00:00<00:03,  2.19it/s, loss=1.1859]
Ep 9/10:  22%|██▏       | 2/9 [00:01<00:03,  2.19it/s, loss=1.1572]
Ep 9/10:  33%|███▎      | 3/9 [00:01<00:02,  2.59it/s, loss=1.1572]
Ep 9/10:  33%|███▎      | 3/9 [00:01<00:02,  2.59it/s, loss=1.0670]
Ep 9/10:  44%|████▍     | 4/9 [00:01<00:01,  2.67it/s, loss=1.0670]
Ep 9/10:  44%|████▍     | 4/9 [00:02<00:01,  2.67it/s, loss=1.1004]
Ep 9/10:  56%|█████▌    | 5/9 [00:02<00:01,  2.29it/s, loss=1.1004]
Ep 9/10:  56%|█████▌    | 5/9 [00:02<00:01,  2.29it/s, loss=1.1089]
Ep 9/10:  67%|██████▋   | 6/9 [00:02<00:01,  2.43it/s, loss=1.1089]
Ep 9/10:  67%|██████▋   | 6/9 [00:02<00:01,  2.43it/s, loss=1.1187]
Ep 9/10:  78%|███████▊  | 7/9 [00:02<00:00,  2.25it/s, loss=1.1187]
Ep 9/10:  78%|███████▊  | 7/9 [00:03<00:00,  2.25it/s, loss=1.1461]
Ep 9/10:  89%|████████▉ | 8/9 [00:03<00:00,  2.08it/s, loss=1.1461]
Ep 9/10:  89%|████████▉ | 8/9 [00:04<00:00,  2.08it/s, loss=1.0644]
Ep 9/10: 100%|██████████| 9/9 [00:04<00:00,  1.83it/s, loss=1.0644]
                                                                   

Ep 10/10:   0%|          | 0/9 [00:00<?, ?it/s]
Ep 10/10:   0%|          | 0/9 [00:00<?, ?it/s, loss=1.0361]
Ep 10/10:  11%|█         | 1/9 [00:00<00:03,  2.38it/s, loss=1.0361]
Ep 10/10:  11%|█         | 1/9 [00:00<00:03,  2.38it/s, loss=1.0523]
Ep 10/10:  22%|██▏       | 2/9 [00:00<00:03,  1.97it/s, loss=1.0523]
Ep 10/10:  22%|██▏       | 2/9 [00:01<00:03,  1.97it/s, loss=1.2836]
Ep 10/10:  33%|███▎      | 3/9 [00:01<00:02,  2.23it/s, loss=1.2836]
Ep 10/10:  33%|███▎      | 3/9 [00:01<00:02,  2.23it/s, loss=1.3498]
Ep 10/10:  44%|████▍     | 4/9 [00:01<00:02,  2.18it/s, loss=1.3498]
Ep 10/10:  44%|████▍     | 4/9 [00:02<00:02,  2.18it/s, loss=1.0440]
Ep 10/10:  56%|█████▌    | 5/9 [00:02<00:01,  2.54it/s, loss=1.0440]
Ep 10/10:  56%|█████▌    | 5/9 [00:02<00:01,  2.54it/s, loss=1.0526]
Ep 10/10:  67%|██████▋   | 6/9 [00:02<00:01,  2.10it/s, loss=1.0526]
Ep 10/10:  67%|██████▋   | 6/9 [00:03<00:01,  2.10it/s, loss=1.0800]
Ep 10/10:  78%|███████▊  | 7/9 [00:03<00:00,  2.47it/s, loss=1.0800]
Ep 10/10:  78%|███████▊  | 7/9 [00:03<00:00,  2.47it/s, loss=1.1388]
Ep 10/10:  89%|████████▉ | 8/9 [00:03<00:00,  2.41it/s, loss=1.1388]
Ep 10/10:  89%|████████▉ | 8/9 [00:04<00:00,  2.41it/s, loss=0.9674]
Ep 10/10: 100%|██████████| 9/9 [00:04<00:00,  1.93it/s, loss=0.9674]
                                                                    

Testing:   0%|          | 0/2 [00:00<?, ?it/s]
Testing:  50%|█████     | 1/2 [00:00<00:00,  1.39it/s]
Testing: 100%|██████████| 2/2 [00:01<00:00,  1.29it/s]
                                                      
/opt/miniconda3/lib/python3.12/site-packages/torch_geometric/nn/fx.py:132: UserWarning: Found function 'dropout' with keyword argument 'training'. During FX tracing, this will likely be baked in as a constant value. Consider replacing this function by a module to properly encapsulate its training flag.
  warnings.warn(f"Found function '{node.name}' with keyword "
/opt/miniconda3/lib/python3.12/site-packages/torch_geometric/utils/_scatter.py:100: UserWarning: The operator 'aten::scatter_reduce.two_out' is not currently supported on the MPS backend and will fall back to run on the CPU. This may have performance implications. (Triggered internally at /Users/runner/work/pytorch/pytorch/pytorch/aten/src/ATen/mps/MPSFallback.mm:13.)
  return src.new_zeros(size).scatter_reduce_(

Ep 1/10:   0%|          | 0/9 [00:00<?, ?it/s]
Ep 1/10:   0%|          | 0/9 [00:01<?, ?it/s, loss=1.2801]
Ep 1/10:  11%|█         | 1/9 [00:01<00:10,  1.29s/it, loss=1.2801]
Ep 1/10:  11%|█         | 1/9 [00:02<00:10,  1.29s/it, loss=1.3567]
Ep 1/10:  22%|██▏       | 2/9 [00:02<00:07,  1.03s/it, loss=1.3567]
Ep 1/10:  22%|██▏       | 2/9 [00:02<00:07,  1.03s/it, loss=1.2190]
Ep 1/10:  33%|███▎      | 3/9 [00:02<00:05,  1.06it/s, loss=1.2190]
Ep 1/10:  33%|███▎      | 3/9 [00:03<00:05,  1.06it/s, loss=1.1530]
Ep 1/10:  44%|████▍     | 4/9 [00:03<00:04,  1.04it/s, loss=1.1530]
Ep 1/10:  44%|████▍     | 4/9 [00:04<00:04,  1.04it/s, loss=1.4011]
Ep 1/10:  56%|█████▌    | 5/9 [00:04<00:03,  1.02it/s, loss=1.4011]
Ep 1/10:  56%|█████▌    | 5/9 [00:05<00:03,  1.02it/s, loss=1.2243]
Ep 1/10:  67%|██████▋   | 6/9 [00:05<00:02,  1.03it/s, loss=1.2243]
Ep 1/10:  67%|██████▋   | 6/9 [00:06<00:02,  1.03it/s, loss=1.3758]
Ep 1/10:  78%|███████▊  | 7/9 [00:06<00:02,  1.00s/it, loss=1.3758]
Ep 1/10:  78%|███████▊  | 7/9 [00:07<00:02,  1.00s/it, loss=1.1964]
Ep 1/10:  89%|████████▉ | 8/9 [00:07<00:00,  1.00it/s, loss=1.1964]
Ep 1/10:  89%|████████▉ | 8/9 [00:09<00:00,  1.00it/s, loss=1.0993]
Ep 1/10: 100%|██████████| 9/9 [00:09<00:00,  1.14s/it, loss=1.0993]
                                                                   

Ep 2/10:   0%|          | 0/9 [00:00<?, ?it/s]
Ep 2/10:   0%|          | 0/9 [00:01<?, ?it/s, loss=1.2699]
Ep 2/10:  11%|█         | 1/9 [00:01<00:08,  1.11s/it, loss=1.2699]
Ep 2/10:  11%|█         | 1/9 [00:02<00:08,  1.11s/it, loss=1.2717]
Ep 2/10:  22%|██▏       | 2/9 [00:02<00:07,  1.10s/it, loss=1.2717]
Ep 2/10:  22%|██▏       | 2/9 [00:03<00:07,  1.10s/it, loss=1.2263]
Ep 2/10:  33%|███▎      | 3/9 [00:03<00:06,  1.10s/it, loss=1.2263]
Ep 2/10:  33%|███▎      | 3/9 [00:04<00:06,  1.10s/it, loss=1.3047]
Ep 2/10:  44%|████▍     | 4/9 [00:04<00:05,  1.11s/it, loss=1.3047]
Ep 2/10:  44%|████▍     | 4/9 [00:05<00:05,  1.11s/it, loss=1.3309]
Ep 2/10:  56%|█████▌    | 5/9 [00:05<00:04,  1.03s/it, loss=1.3309]
Ep 2/10:  56%|█████▌    | 5/9 [00:06<00:04,  1.03s/it, loss=1.1455]
Ep 2/10:  67%|██████▋   | 6/9 [00:06<00:03,  1.02s/it, loss=1.1455]
Ep 2/10:  67%|██████▋   | 6/9 [00:07<00:03,  1.02s/it, loss=1.2732]
Ep 2/10:  78%|███████▊  | 7/9 [00:07<00:02,  1.12s/it, loss=1.2732]
Ep 2/10:  78%|███████▊  | 7/9 [00:08<00:02,  1.12s/it, loss=1.1845]
Ep 2/10:  89%|████████▉ | 8/9 [00:08<00:01,  1.05s/it, loss=1.1845]
Ep 2/10:  89%|████████▉ | 8/9 [00:09<00:01,  1.05s/it, loss=1.1683]
Ep 2/10: 100%|██████████| 9/9 [00:09<00:00,  1.14s/it, loss=1.1683]
                                                                   

Ep 3/10:   0%|          | 0/9 [00:00<?, ?it/s]
Ep 3/10:   0%|          | 0/9 [00:00<?, ?it/s, loss=1.4196]
Ep 3/10:  11%|█         | 1/9 [00:00<00:07,  1.12it/s, loss=1.4196]
Ep 3/10:  11%|█         | 1/9 [00:01<00:07,  1.12it/s, loss=1.1402]
Ep 3/10:  22%|██▏       | 2/9 [00:01<00:06,  1.02it/s, loss=1.1402]
Ep 3/10:  22%|██▏       | 2/9 [00:03<00:06,  1.02it/s, loss=1.1945]
Ep 3/10:  33%|███▎      | 3/9 [00:03<00:06,  1.02s/it, loss=1.1945]
Ep 3/10:  33%|███▎      | 3/9 [00:03<00:06,  1.02s/it, loss=1.2436]
Ep 3/10:  44%|████▍     | 4/9 [00:03<00:04,  1.02it/s, loss=1.2436]
Ep 3/10:  44%|████▍     | 4/9 [00:04<00:04,  1.02it/s, loss=1.2081]
Ep 3/10:  56%|█████▌    | 5/9 [00:04<00:03,  1.04it/s, loss=1.2081]
Ep 3/10:  56%|█████▌    | 5/9 [00:05<00:03,  1.04it/s, loss=1.2061]
Ep 3/10:  67%|██████▋   | 6/9 [00:05<00:02,  1.09it/s, loss=1.2061]
Ep 3/10:  67%|██████▋   | 6/9 [00:06<00:02,  1.09it/s, loss=1.1668]
Ep 3/10:  78%|███████▊  | 7/9 [00:06<00:01,  1.01it/s, loss=1.1668]
Ep 3/10:  78%|███████▊  | 7/9 [00:08<00:01,  1.01it/s, loss=1.3204]
Ep 3/10:  89%|████████▉ | 8/9 [00:08<00:01,  1.09s/it, loss=1.3204]
Ep 3/10:  89%|████████▉ | 8/9 [00:09<00:01,  1.09s/it, loss=1.1464]
Ep 3/10: 100%|██████████| 9/9 [00:09<00:00,  1.19s/it, loss=1.1464]
                                                                   

Ep 4/10:   0%|          | 0/9 [00:00<?, ?it/s]
Ep 4/10:   0%|          | 0/9 [00:01<?, ?it/s, loss=1.1959]
Ep 4/10:  11%|█         | 1/9 [00:01<00:09,  1.14s/it, loss=1.1959]
Ep 4/10:  11%|█         | 1/9 [00:02<00:09,  1.14s/it, loss=1.2029]
Ep 4/10:  22%|██▏       | 2/9 [00:02<00:06,  1.03it/s, loss=1.2029]
Ep 4/10:  22%|██▏       | 2/9 [00:02<00:06,  1.03it/s, loss=1.1310]
Ep 4/10:  33%|███▎      | 3/9 [00:02<00:05,  1.06it/s, loss=1.1310]
Ep 4/10:  33%|███▎      | 3/9 [00:03<00:05,  1.06it/s, loss=1.1057]
Ep 4/10:  44%|████▍     | 4/9 [00:03<00:04,  1.06it/s, loss=1.1057]
Ep 4/10:  44%|████▍     | 4/9 [00:04<00:04,  1.06it/s, loss=1.2331]
Ep 4/10:  56%|█████▌    | 5/9 [00:04<00:03,  1.09it/s, loss=1.2331]
Ep 4/10:  56%|█████▌    | 5/9 [00:05<00:03,  1.09it/s, loss=1.2714]
Ep 4/10:  67%|██████▋   | 6/9 [00:05<00:02,  1.12it/s, loss=1.2714]
Ep 4/10:  67%|██████▋   | 6/9 [00:06<00:02,  1.12it/s, loss=1.2394]
Ep 4/10:  78%|███████▊  | 7/9 [00:06<00:01,  1.16it/s, loss=1.2394]
Ep 4/10:  78%|███████▊  | 7/9 [00:07<00:01,  1.16it/s, loss=1.3624]
Ep 4/10:  89%|████████▉ | 8/9 [00:07<00:00,  1.03it/s, loss=1.3624]
Ep 4/10:  89%|████████▉ | 8/9 [00:08<00:00,  1.03it/s, loss=1.2293]
Ep 4/10: 100%|██████████| 9/9 [00:08<00:00,  1.10s/it, loss=1.2293]
                                                                   

Ep 5/10:   0%|          | 0/9 [00:00<?, ?it/s]
Ep 5/10:   0%|          | 0/9 [00:00<?, ?it/s, loss=1.2262]
Ep 5/10:  11%|█         | 1/9 [00:00<00:07,  1.04it/s, loss=1.2262]
Ep 5/10:  11%|█         | 1/9 [00:02<00:07,  1.04it/s, loss=1.1735]
Ep 5/10:  22%|██▏       | 2/9 [00:02<00:07,  1.05s/it, loss=1.1735]
Ep 5/10:  22%|██▏       | 2/9 [00:02<00:07,  1.05s/it, loss=1.1999]
Ep 5/10:  33%|███▎      | 3/9 [00:02<00:05,  1.04it/s, loss=1.1999]
Ep 5/10:  33%|███▎      | 3/9 [00:03<00:05,  1.04it/s, loss=1.2318]
Ep 5/10:  44%|████▍     | 4/9 [00:03<00:04,  1.01it/s, loss=1.2318]
Ep 5/10:  44%|████▍     | 4/9 [00:05<00:04,  1.01it/s, loss=1.2846]
Ep 5/10:  56%|█████▌    | 5/9 [00:05<00:04,  1.02s/it, loss=1.2846]
Ep 5/10:  56%|█████▌    | 5/9 [00:06<00:04,  1.02s/it, loss=1.1722]
Ep 5/10:  67%|██████▋   | 6/9 [00:06<00:03,  1.05s/it, loss=1.1722]
Ep 5/10:  67%|██████▋   | 6/9 [00:07<00:03,  1.05s/it, loss=1.2421]
Ep 5/10:  78%|███████▊  | 7/9 [00:07<00:02,  1.07s/it, loss=1.2421]
Ep 5/10:  78%|███████▊  | 7/9 [00:08<00:02,  1.07s/it, loss=1.1325]
Ep 5/10:  89%|████████▉ | 8/9 [00:08<00:01,  1.07s/it, loss=1.1325]
Ep 5/10:  89%|████████▉ | 8/9 [00:09<00:01,  1.07s/it, loss=1.1327]
Ep 5/10: 100%|██████████| 9/9 [00:09<00:00,  1.22s/it, loss=1.1327]
                                                                   

Ep 6/10:   0%|          | 0/9 [00:00<?, ?it/s]
Ep 6/10:   0%|          | 0/9 [00:01<?, ?it/s, loss=1.2433]
Ep 6/10:  11%|█         | 1/9 [00:01<00:09,  1.16s/it, loss=1.2433]
Ep 6/10:  11%|█         | 1/9 [00:02<00:09,  1.16s/it, loss=1.1304]
Ep 6/10:  22%|██▏       | 2/9 [00:02<00:07,  1.10s/it, loss=1.1304]
Ep 6/10:  22%|██▏       | 2/9 [00:03<00:07,  1.10s/it, loss=1.1787]
Ep 6/10:  33%|███▎      | 3/9 [00:03<00:06,  1.05s/it, loss=1.1787]
Ep 6/10:  33%|███▎      | 3/9 [00:04<00:06,  1.05s/it, loss=1.2391]
Ep 6/10:  44%|████▍     | 4/9 [00:04<00:05,  1.07s/it, loss=1.2391]
Ep 6/10:  44%|████▍     | 4/9 [00:05<00:05,  1.07s/it, loss=1.0964]
Ep 6/10:  56%|█████▌    | 5/9 [00:05<00:04,  1.10s/it, loss=1.0964]
Ep 6/10:  56%|█████▌    | 5/9 [00:06<00:04,  1.10s/it, loss=1.1836]
Ep 6/10:  67%|██████▋   | 6/9 [00:06<00:02,  1.09it/s, loss=1.1836]
Ep 6/10:  67%|██████▋   | 6/9 [00:06<00:02,  1.09it/s, loss=1.1704]
Ep 6/10:  78%|███████▊  | 7/9 [00:06<00:01,  1.13it/s, loss=1.1704]
Ep 6/10:  78%|███████▊  | 7/9 [00:08<00:01,  1.13it/s, loss=1.2355]
Ep 6/10:  89%|████████▉ | 8/9 [00:08<00:00,  1.02it/s, loss=1.2355]
Ep 6/10:  89%|████████▉ | 8/9 [00:09<00:00,  1.02it/s, loss=1.1385]
Ep 6/10: 100%|██████████| 9/9 [00:09<00:00,  1.27s/it, loss=1.1385]
                                                                   

Ep 7/10:   0%|          | 0/9 [00:00<?, ?it/s]
Ep 7/10:   0%|          | 0/9 [00:00<?, ?it/s, loss=1.1743]
Ep 7/10:  11%|█         | 1/9 [00:00<00:07,  1.07it/s, loss=1.1743]
Ep 7/10:  11%|█         | 1/9 [00:01<00:07,  1.07it/s, loss=1.2669]
Ep 7/10:  22%|██▏       | 2/9 [00:01<00:06,  1.05it/s, loss=1.2669]
Ep 7/10:  22%|██▏       | 2/9 [00:02<00:06,  1.05it/s, loss=1.1559]
Ep 7/10:  33%|███▎      | 3/9 [00:02<00:05,  1.06it/s, loss=1.1559]
Ep 7/10:  33%|███▎      | 3/9 [00:03<00:05,  1.06it/s, loss=1.2285]
Ep 7/10:  44%|████▍     | 4/9 [00:03<00:04,  1.07it/s, loss=1.2285]
Ep 7/10:  44%|████▍     | 4/9 [00:04<00:04,  1.07it/s, loss=1.2280]
Ep 7/10:  56%|█████▌    | 5/9 [00:04<00:03,  1.02it/s, loss=1.2280]
Ep 7/10:  56%|█████▌    | 5/9 [00:06<00:03,  1.02it/s, loss=1.0060]
Ep 7/10:  67%|██████▋   | 6/9 [00:06<00:03,  1.08s/it, loss=1.0060]
Ep 7/10:  67%|██████▋   | 6/9 [00:07<00:03,  1.08s/it, loss=1.1406]
Ep 7/10:  78%|███████▊  | 7/9 [00:07<00:02,  1.15s/it, loss=1.1406]
Ep 7/10:  78%|███████▊  | 7/9 [00:08<00:02,  1.15s/it, loss=1.1892]
Ep 7/10:  89%|████████▉ | 8/9 [00:08<00:01,  1.19s/it, loss=1.1892]
Ep 7/10:  89%|████████▉ | 8/9 [00:10<00:01,  1.19s/it, loss=1.1147]
Ep 7/10: 100%|██████████| 9/9 [00:10<00:00,  1.34s/it, loss=1.1147]
                                                                   

Ep 8/10:   0%|          | 0/9 [00:00<?, ?it/s]
Ep 8/10:   0%|          | 0/9 [00:01<?, ?it/s, loss=1.1669]
Ep 8/10:  11%|█         | 1/9 [00:01<00:08,  1.05s/it, loss=1.1669]
Ep 8/10:  11%|█         | 1/9 [00:02<00:08,  1.05s/it, loss=1.1300]
Ep 8/10:  22%|██▏       | 2/9 [00:02<00:08,  1.22s/it, loss=1.1300]
Ep 8/10:  22%|██▏       | 2/9 [00:03<00:08,  1.22s/it, loss=1.0946]
Ep 8/10:  33%|███▎      | 3/9 [00:03<00:07,  1.26s/it, loss=1.0946]
Ep 8/10:  33%|███▎      | 3/9 [00:05<00:07,  1.26s/it, loss=1.1006]
Ep 8/10:  44%|████▍     | 4/9 [00:05<00:06,  1.30s/it, loss=1.1006]
Ep 8/10:  44%|████▍     | 4/9 [00:06<00:06,  1.30s/it, loss=1.2263]
Ep 8/10:  56%|█████▌    | 5/9 [00:06<00:05,  1.37s/it, loss=1.2263]
Ep 8/10:  56%|█████▌    | 5/9 [00:07<00:05,  1.37s/it, loss=1.2499]
Ep 8/10:  67%|██████▋   | 6/9 [00:07<00:03,  1.24s/it, loss=1.2499]
Ep 8/10:  67%|██████▋   | 6/9 [00:09<00:03,  1.24s/it, loss=1.1248]
Ep 8/10:  78%|███████▊  | 7/9 [00:09<00:02,  1.34s/it, loss=1.1248]
Ep 8/10:  78%|███████▊  | 7/9 [00:10<00:02,  1.34s/it, loss=1.1833]
Ep 8/10:  89%|████████▉ | 8/9 [00:10<00:01,  1.31s/it, loss=1.1833]
Ep 8/10:  89%|████████▉ | 8/9 [00:12<00:01,  1.31s/it, loss=1.1355]
Ep 8/10: 100%|██████████| 9/9 [00:12<00:00,  1.43s/it, loss=1.1355]
                                                                   

Ep 9/10:   0%|          | 0/9 [00:00<?, ?it/s]
Ep 9/10:   0%|          | 0/9 [00:01<?, ?it/s, loss=1.0333]
Ep 9/10:  11%|█         | 1/9 [00:01<00:11,  1.47s/it, loss=1.0333]
Ep 9/10:  11%|█         | 1/9 [00:02<00:11,  1.47s/it, loss=1.1013]
Ep 9/10:  22%|██▏       | 2/9 [00:02<00:09,  1.30s/it, loss=1.1013]
Ep 9/10:  22%|██▏       | 2/9 [00:03<00:09,  1.30s/it, loss=1.1134]
Ep 9/10:  33%|███▎      | 3/9 [00:03<00:07,  1.29s/it, loss=1.1134]
Ep 9/10:  33%|███▎      | 3/9 [00:05<00:07,  1.29s/it, loss=1.0785]
Ep 9/10:  44%|████▍     | 4/9 [00:05<00:06,  1.40s/it, loss=1.0785]
Ep 9/10:  44%|████▍     | 4/9 [00:06<00:06,  1.40s/it, loss=1.2646]
Ep 9/10:  56%|█████▌    | 5/9 [00:06<00:04,  1.22s/it, loss=1.2646]
Ep 9/10:  56%|█████▌    | 5/9 [00:07<00:04,  1.22s/it, loss=1.0435]
Ep 9/10:  67%|██████▋   | 6/9 [00:07<00:03,  1.31s/it, loss=1.0435]
Ep 9/10:  67%|██████▋   | 6/9 [00:09<00:03,  1.31s/it, loss=1.1275]
Ep 9/10:  78%|███████▊  | 7/9 [00:09<00:02,  1.34s/it, loss=1.1275]
Ep 9/10:  78%|███████▊  | 7/9 [00:10<00:02,  1.34s/it, loss=1.1834]
Ep 9/10:  89%|████████▉ | 8/9 [00:10<00:01,  1.33s/it, loss=1.1834]
Ep 9/10:  89%|████████▉ | 8/9 [00:12<00:01,  1.33s/it, loss=1.3648]
Ep 9/10: 100%|██████████| 9/9 [00:12<00:00,  1.55s/it, loss=1.3648]
                                                                   

Ep 10/10:   0%|          | 0/9 [00:00<?, ?it/s]
Ep 10/10:   0%|          | 0/9 [00:01<?, ?it/s, loss=1.1650]
Ep 10/10:  11%|█         | 1/9 [00:01<00:11,  1.47s/it, loss=1.1650]
Ep 10/10:  11%|█         | 1/9 [00:03<00:11,  1.47s/it, loss=1.1699]
Ep 10/10:  22%|██▏       | 2/9 [00:03<00:10,  1.51s/it, loss=1.1699]
Ep 10/10:  22%|██▏       | 2/9 [00:04<00:10,  1.51s/it, loss=1.1234]
Ep 10/10:  33%|███▎      | 3/9 [00:04<00:09,  1.55s/it, loss=1.1234]
Ep 10/10:  33%|███▎      | 3/9 [00:05<00:09,  1.55s/it, loss=1.0723]
Ep 10/10:  44%|████▍     | 4/9 [00:05<00:06,  1.36s/it, loss=1.0723]
Ep 10/10:  44%|████▍     | 4/9 [00:06<00:06,  1.36s/it, loss=1.1761]
Ep 10/10:  56%|█████▌    | 5/9 [00:06<00:05,  1.28s/it, loss=1.1761]
Ep 10/10:  56%|█████▌    | 5/9 [00:07<00:05,  1.28s/it, loss=1.0551]
Ep 10/10:  67%|██████▋   | 6/9 [00:07<00:03,  1.18s/it, loss=1.0551]
Ep 10/10:  67%|██████▋   | 6/9 [00:08<00:03,  1.18s/it, loss=1.2106]
Ep 10/10:  78%|███████▊  | 7/9 [00:08<00:02,  1.18s/it, loss=1.2106]
Ep 10/10:  78%|███████▊  | 7/9 [00:09<00:02,  1.18s/it, loss=1.1266]
Ep 10/10:  89%|████████▉ | 8/9 [00:09<00:01,  1.12s/it, loss=1.1266]
Ep 10/10:  89%|████████▉ | 8/9 [00:12<00:01,  1.12s/it, loss=1.1045]
Ep 10/10: 100%|██████████| 9/9 [00:12<00:00,  1.44s/it, loss=1.1045]
                                                                    

Testing:   0%|          | 0/2 [00:00<?, ?it/s]
Testing:  50%|█████     | 1/2 [00:01<00:01,  1.52s/it]
Testing: 100%|██████████| 2/2 [00:03<00:00,  1.52s/it]
                                                      
/opt/miniconda3/lib/python3.12/site-packages/torch_geometric/nn/fx.py:132: UserWarning: Found function 'dropout' with keyword argument 'training'. During FX tracing, this will likely be baked in as a constant value. Consider replacing this function by a module to properly encapsulate its training flag.
  warnings.warn(f"Found function '{node.name}' with keyword "

Ep 1/10:   0%|          | 0/9 [00:00<?, ?it/s]
Ep 1/10:   0%|          | 0/9 [00:01<?, ?it/s, loss=1.3436]
Ep 1/10:  11%|█         | 1/9 [00:01<00:09,  1.16s/it, loss=1.3436]
Ep 1/10:  11%|█         | 1/9 [00:02<00:09,  1.16s/it, loss=1.3288]
Ep 1/10:  22%|██▏       | 2/9 [00:02<00:09,  1.38s/it, loss=1.3288]
Ep 1/10:  22%|██▏       | 2/9 [00:04<00:09,  1.38s/it, loss=1.2468]
Ep 1/10:  33%|███▎      | 3/9 [00:04<00:08,  1.38s/it, loss=1.2468]
Ep 1/10:  33%|███▎      | 3/9 [00:05<00:08,  1.38s/it, loss=1.2520]
Ep 1/10:  44%|████▍     | 4/9 [00:05<00:07,  1.49s/it, loss=1.2520]
Ep 1/10:  44%|████▍     | 4/9 [00:07<00:07,  1.49s/it, loss=1.2998]
Ep 1/10:  56%|█████▌    | 5/9 [00:07<00:05,  1.44s/it, loss=1.2998]
Ep 1/10:  56%|█████▌    | 5/9 [00:08<00:05,  1.44s/it, loss=1.2145]
Ep 1/10:  67%|██████▋   | 6/9 [00:08<00:04,  1.48s/it, loss=1.2145]
Ep 1/10:  67%|██████▋   | 6/9 [00:10<00:04,  1.48s/it, loss=1.1916]
Ep 1/10:  78%|███████▊  | 7/9 [00:10<00:02,  1.47s/it, loss=1.1916]
Ep 1/10:  78%|███████▊  | 7/9 [00:11<00:02,  1.47s/it, loss=1.2861]
Ep 1/10:  89%|████████▉ | 8/9 [00:11<00:01,  1.36s/it, loss=1.2861]
Ep 1/10:  89%|████████▉ | 8/9 [00:13<00:01,  1.36s/it, loss=1.2943]
Ep 1/10: 100%|██████████| 9/9 [00:13<00:00,  1.52s/it, loss=1.2943]
                                                                   

Ep 2/10:   0%|          | 0/9 [00:00<?, ?it/s]
Ep 2/10:   0%|          | 0/9 [00:01<?, ?it/s, loss=1.3336]
Ep 2/10:  11%|█         | 1/9 [00:01<00:08,  1.10s/it, loss=1.3336]
Ep 2/10:  11%|█         | 1/9 [00:02<00:08,  1.10s/it, loss=1.1018]
Ep 2/10:  22%|██▏       | 2/9 [00:02<00:10,  1.47s/it, loss=1.1018]
Ep 2/10:  22%|██▏       | 2/9 [00:04<00:10,  1.47s/it, loss=1.3233]
Ep 2/10:  33%|███▎      | 3/9 [00:04<00:08,  1.45s/it, loss=1.3233]
Ep 2/10:  33%|███▎      | 3/9 [00:06<00:08,  1.45s/it, loss=1.1758]
Ep 2/10:  44%|████▍     | 4/9 [00:06<00:08,  1.65s/it, loss=1.1758]
Ep 2/10:  44%|████▍     | 4/9 [00:07<00:08,  1.65s/it, loss=1.1803]
Ep 2/10:  56%|█████▌    | 5/9 [00:07<00:06,  1.60s/it, loss=1.1803]
Ep 2/10:  56%|█████▌    | 5/9 [00:09<00:06,  1.60s/it, loss=1.2564]
Ep 2/10:  67%|██████▋   | 6/9 [00:09<00:04,  1.60s/it, loss=1.2564]
Ep 2/10:  67%|██████▋   | 6/9 [00:10<00:04,  1.60s/it, loss=1.2499]
Ep 2/10:  78%|███████▊  | 7/9 [00:10<00:02,  1.41s/it, loss=1.2499]
Ep 2/10:  78%|███████▊  | 7/9 [00:11<00:02,  1.41s/it, loss=1.2645]
Ep 2/10:  89%|████████▉ | 8/9 [00:11<00:01,  1.31s/it, loss=1.2645]
Ep 2/10:  89%|████████▉ | 8/9 [00:13<00:01,  1.31s/it, loss=1.2341]
Ep 2/10: 100%|██████████| 9/9 [00:13<00:00,  1.63s/it, loss=1.2341]
                                                                   

Ep 3/10:   0%|          | 0/9 [00:00<?, ?it/s]
Ep 3/10:   0%|          | 0/9 [00:01<?, ?it/s, loss=1.2043]
Ep 3/10:  11%|█         | 1/9 [00:01<00:15,  1.96s/it, loss=1.2043]
Ep 3/10:  11%|█         | 1/9 [00:03<00:15,  1.96s/it, loss=1.3214]
Ep 3/10:  22%|██▏       | 2/9 [00:03<00:10,  1.50s/it, loss=1.3214]
Ep 3/10:  22%|██▏       | 2/9 [00:04<00:10,  1.50s/it, loss=1.0662]
Ep 3/10:  33%|███▎      | 3/9 [00:04<00:08,  1.38s/it, loss=1.0662]
Ep 3/10:  33%|███▎      | 3/9 [00:05<00:08,  1.38s/it, loss=1.1808]
Ep 3/10:  44%|████▍     | 4/9 [00:05<00:07,  1.46s/it, loss=1.1808]
Ep 3/10:  44%|████▍     | 4/9 [00:07<00:07,  1.46s/it, loss=1.2649]
Ep 3/10:  56%|█████▌    | 5/9 [00:07<00:06,  1.56s/it, loss=1.2649]
Ep 3/10:  56%|█████▌    | 5/9 [00:08<00:06,  1.56s/it, loss=1.1160]
Ep 3/10:  67%|██████▋   | 6/9 [00:08<00:04,  1.42s/it, loss=1.1160]
Ep 3/10:  67%|██████▋   | 6/9 [00:10<00:04,  1.42s/it, loss=1.2920]
Ep 3/10:  78%|███████▊  | 7/9 [00:10<00:02,  1.34s/it, loss=1.2920]
Ep 3/10:  78%|███████▊  | 7/9 [00:11<00:02,  1.34s/it, loss=1.1224]
Ep 3/10:  89%|████████▉ | 8/9 [00:11<00:01,  1.32s/it, loss=1.1224]
Ep 3/10:  89%|████████▉ | 8/9 [00:12<00:01,  1.32s/it, loss=1.2961]
Ep 3/10: 100%|██████████| 9/9 [00:12<00:00,  1.44s/it, loss=1.2961]
                                                                   

Ep 4/10:   0%|          | 0/9 [00:00<?, ?it/s]
Ep 4/10:   0%|          | 0/9 [00:01<?, ?it/s, loss=1.3359]
Ep 4/10:  11%|█         | 1/9 [00:01<00:12,  1.52s/it, loss=1.3359]
Ep 4/10:  11%|█         | 1/9 [00:03<00:12,  1.52s/it, loss=1.1307]
Ep 4/10:  22%|██▏       | 2/9 [00:03<00:10,  1.50s/it, loss=1.1307]
Ep 4/10:  22%|██▏       | 2/9 [00:04<00:10,  1.50s/it, loss=1.1285]
Ep 4/10:  33%|███▎      | 3/9 [00:04<00:08,  1.42s/it, loss=1.1285]
Ep 4/10:  33%|███▎      | 3/9 [00:05<00:08,  1.42s/it, loss=1.1317]
Ep 4/10:  44%|████▍     | 4/9 [00:05<00:06,  1.35s/it, loss=1.1317]
Ep 4/10:  44%|████▍     | 4/9 [00:07<00:06,  1.35s/it, loss=1.2095]
Ep 4/10:  56%|█████▌    | 5/9 [00:07<00:05,  1.47s/it, loss=1.2095]
Ep 4/10:  56%|█████▌    | 5/9 [00:09<00:05,  1.47s/it, loss=1.1394]
Ep 4/10:  67%|██████▋   | 6/9 [00:09<00:04,  1.56s/it, loss=1.1394]
Ep 4/10:  67%|██████▋   | 6/9 [00:10<00:04,  1.56s/it, loss=1.1659]
Ep 4/10:  78%|███████▊  | 7/9 [00:10<00:03,  1.56s/it, loss=1.1659]
Ep 4/10:  78%|███████▊  | 7/9 [00:12<00:03,  1.56s/it, loss=1.1456]
Ep 4/10:  89%|████████▉ | 8/9 [00:12<00:01,  1.56s/it, loss=1.1456]
Ep 4/10:  89%|████████▉ | 8/9 [00:13<00:01,  1.56s/it, loss=1.1373]
Ep 4/10: 100%|██████████| 9/9 [00:13<00:00,  1.65s/it, loss=1.1373]
                                                                   

Ep 5/10:   0%|          | 0/9 [00:00<?, ?it/s]
Ep 5/10:   0%|          | 0/9 [00:01<?, ?it/s, loss=1.2437]
Ep 5/10:  11%|█         | 1/9 [00:01<00:15,  1.88s/it, loss=1.2437]
Ep 5/10:  11%|█         | 1/9 [00:03<00:15,  1.88s/it, loss=1.2469]
Ep 5/10:  22%|██▏       | 2/9 [00:03<00:13,  1.90s/it, loss=1.2469]
Ep 5/10:  22%|██▏       | 2/9 [00:04<00:13,  1.90s/it, loss=1.0043]
Ep 5/10:  33%|███▎      | 3/9 [00:04<00:08,  1.45s/it, loss=1.0043]
Ep 5/10:  33%|███▎      | 3/9 [00:06<00:08,  1.45s/it, loss=1.1307]
Ep 5/10:  44%|████▍     | 4/9 [00:06<00:07,  1.43s/it, loss=1.1307]
Ep 5/10:  44%|████▍     | 4/9 [00:07<00:07,  1.43s/it, loss=1.2319]
Ep 5/10:  56%|█████▌    | 5/9 [00:07<00:05,  1.28s/it, loss=1.2319]
Ep 5/10:  56%|█████▌    | 5/9 [00:08<00:05,  1.28s/it, loss=1.0571]
Ep 5/10:  67%|██████▋   | 6/9 [00:08<00:03,  1.27s/it, loss=1.0571]
Ep 5/10:  67%|██████▋   | 6/9 [00:09<00:03,  1.27s/it, loss=1.0443]
Ep 5/10:  78%|███████▊  | 7/9 [00:09<00:02,  1.29s/it, loss=1.0443]
Ep 5/10:  78%|███████▊  | 7/9 [00:10<00:02,  1.29s/it, loss=1.2547]
Ep 5/10:  89%|████████▉ | 8/9 [00:10<00:01,  1.27s/it, loss=1.2547]
Ep 5/10:  89%|████████▉ | 8/9 [00:13<00:01,  1.27s/it, loss=1.0970]
Ep 5/10: 100%|██████████| 9/9 [00:13<00:00,  1.65s/it, loss=1.0970]
                                                                   

Ep 6/10:   0%|          | 0/9 [00:00<?, ?it/s]
Ep 6/10:   0%|          | 0/9 [00:01<?, ?it/s, loss=0.9602]
Ep 6/10:  11%|█         | 1/9 [00:01<00:11,  1.43s/it, loss=0.9602]
Ep 6/10:  11%|█         | 1/9 [00:02<00:11,  1.43s/it, loss=1.2558]
Ep 6/10:  22%|██▏       | 2/9 [00:02<00:10,  1.45s/it, loss=1.2558]
Ep 6/10:  22%|██▏       | 2/9 [00:04<00:10,  1.45s/it, loss=1.2497]
Ep 6/10:  33%|███▎      | 3/9 [00:04<00:08,  1.49s/it, loss=1.2497]
Ep 6/10:  33%|███▎      | 3/9 [00:05<00:08,  1.49s/it, loss=0.9442]
Ep 6/10:  44%|████▍     | 4/9 [00:05<00:07,  1.50s/it, loss=0.9442]
Ep 6/10:  44%|████▍     | 4/9 [00:07<00:07,  1.50s/it, loss=1.2757]
Ep 6/10:  56%|█████▌    | 5/9 [00:07<00:06,  1.57s/it, loss=1.2757]
Ep 6/10:  56%|█████▌    | 5/9 [00:09<00:06,  1.57s/it, loss=1.2139]
Ep 6/10:  67%|██████▋   | 6/9 [00:09<00:04,  1.55s/it, loss=1.2139]
Ep 6/10:  67%|██████▋   | 6/9 [00:11<00:04,  1.55s/it, loss=1.1505]
Ep 6/10:  78%|███████▊  | 7/9 [00:11<00:03,  1.75s/it, loss=1.1505]
Ep 6/10:  78%|███████▊  | 7/9 [00:12<00:03,  1.75s/it, loss=1.1398]
Ep 6/10:  89%|████████▉ | 8/9 [00:12<00:01,  1.66s/it, loss=1.1398]
Ep 6/10:  89%|████████▉ | 8/9 [00:15<00:01,  1.66s/it, loss=0.9371]
Ep 6/10: 100%|██████████| 9/9 [00:15<00:00,  1.90s/it, loss=0.9371]
                                                                   

Ep 7/10:   0%|          | 0/9 [00:00<?, ?it/s]
Ep 7/10:   0%|          | 0/9 [00:01<?, ?it/s, loss=1.1252]
Ep 7/10:  11%|█         | 1/9 [00:01<00:12,  1.58s/it, loss=1.1252]
Ep 7/10:  11%|█         | 1/9 [00:03<00:12,  1.58s/it, loss=1.1664]
Ep 7/10:  22%|██▏       | 2/9 [00:03<00:12,  1.72s/it, loss=1.1664]
Ep 7/10:  22%|██▏       | 2/9 [00:05<00:12,  1.72s/it, loss=1.1063]
Ep 7/10:  33%|███▎      | 3/9 [00:05<00:10,  1.71s/it, loss=1.1063]
Ep 7/10:  33%|███▎      | 3/9 [00:06<00:10,  1.71s/it, loss=1.1224]
Ep 7/10:  44%|████▍     | 4/9 [00:06<00:08,  1.61s/it, loss=1.1224]
Ep 7/10:  44%|████▍     | 4/9 [00:07<00:08,  1.61s/it, loss=1.1645]
Ep 7/10:  56%|█████▌    | 5/9 [00:07<00:05,  1.46s/it, loss=1.1645]
Ep 7/10:  56%|█████▌    | 5/9 [00:08<00:05,  1.46s/it, loss=1.1855]
Ep 7/10:  67%|██████▋   | 6/9 [00:08<00:04,  1.38s/it, loss=1.1855]
Ep 7/10:  67%|██████▋   | 6/9 [00:10<00:04,  1.38s/it, loss=1.0482]
Ep 7/10:  78%|███████▊  | 7/9 [00:10<00:02,  1.47s/it, loss=1.0482]
Ep 7/10:  78%|███████▊  | 7/9 [00:12<00:02,  1.47s/it, loss=1.0563]
Ep 7/10:  89%|████████▉ | 8/9 [00:12<00:01,  1.44s/it, loss=1.0563]
Ep 7/10:  89%|████████▉ | 8/9 [00:14<00:01,  1.44s/it, loss=1.1384]
Ep 7/10: 100%|██████████| 9/9 [00:14<00:00,  1.66s/it, loss=1.1384]
                                                                   

Ep 8/10:   0%|          | 0/9 [00:00<?, ?it/s]
Ep 8/10:   0%|          | 0/9 [00:01<?, ?it/s, loss=1.1531]
Ep 8/10:  11%|█         | 1/9 [00:01<00:13,  1.65s/it, loss=1.1531]
Ep 8/10:  11%|█         | 1/9 [00:02<00:13,  1.65s/it, loss=1.1361]
Ep 8/10:  22%|██▏       | 2/9 [00:02<00:09,  1.42s/it, loss=1.1361]
Ep 8/10:  22%|██▏       | 2/9 [00:04<00:09,  1.42s/it, loss=1.2416]
Ep 8/10:  33%|███▎      | 3/9 [00:04<00:08,  1.42s/it, loss=1.2416]
Ep 8/10:  33%|███▎      | 3/9 [00:06<00:08,  1.42s/it, loss=1.2008]
Ep 8/10:  44%|████▍     | 4/9 [00:06<00:07,  1.56s/it, loss=1.2008]
Ep 8/10:  44%|████▍     | 4/9 [00:07<00:07,  1.56s/it, loss=1.0637]
Ep 8/10:  56%|█████▌    | 5/9 [00:07<00:06,  1.52s/it, loss=1.0637]
Ep 8/10:  56%|█████▌    | 5/9 [00:09<00:06,  1.52s/it, loss=1.1257]
Ep 8/10:  67%|██████▋   | 6/9 [00:09<00:04,  1.55s/it, loss=1.1257]
Ep 8/10:  67%|██████▋   | 6/9 [00:10<00:04,  1.55s/it, loss=1.1853]
Ep 8/10:  78%|███████▊  | 7/9 [00:10<00:03,  1.54s/it, loss=1.1853]
Ep 8/10:  78%|███████▊  | 7/9 [00:12<00:03,  1.54s/it, loss=1.0223]
Ep 8/10:  89%|████████▉ | 8/9 [00:12<00:01,  1.57s/it, loss=1.0223]
Ep 8/10:  89%|████████▉ | 8/9 [00:14<00:01,  1.57s/it, loss=0.9110]
Ep 8/10: 100%|██████████| 9/9 [00:14<00:00,  1.89s/it, loss=0.9110]
                                                                   

Ep 9/10:   0%|          | 0/9 [00:00<?, ?it/s]
Ep 9/10:   0%|          | 0/9 [00:01<?, ?it/s, loss=1.0895]
Ep 9/10:  11%|█         | 1/9 [00:01<00:13,  1.74s/it, loss=1.0895]
Ep 9/10:  11%|█         | 1/9 [00:02<00:13,  1.74s/it, loss=1.2568]
Ep 9/10:  22%|██▏       | 2/9 [00:02<00:09,  1.30s/it, loss=1.2568]
Ep 9/10:  22%|██▏       | 2/9 [00:04<00:09,  1.30s/it, loss=1.0588]
Ep 9/10:  33%|███▎      | 3/9 [00:04<00:08,  1.48s/it, loss=1.0588]
Ep 9/10:  33%|███▎      | 3/9 [00:05<00:08,  1.48s/it, loss=1.0878]
Ep 9/10:  44%|████▍     | 4/9 [00:05<00:06,  1.39s/it, loss=1.0878]
Ep 9/10:  44%|████▍     | 4/9 [00:07<00:06,  1.39s/it, loss=1.1954]
Ep 9/10:  56%|█████▌    | 5/9 [00:07<00:06,  1.67s/it, loss=1.1954]
Ep 9/10:  56%|█████▌    | 5/9 [00:08<00:06,  1.67s/it, loss=1.1036]
Ep 9/10:  67%|██████▋   | 6/9 [00:08<00:04,  1.45s/it, loss=1.1036]
Ep 9/10:  67%|██████▋   | 6/9 [00:10<00:04,  1.45s/it, loss=1.0648]
Ep 9/10:  78%|███████▊  | 7/9 [00:10<00:02,  1.48s/it, loss=1.0648]
Ep 9/10:  78%|███████▊  | 7/9 [00:12<00:02,  1.48s/it, loss=1.1009]
Ep 9/10:  89%|████████▉ | 8/9 [00:12<00:01,  1.63s/it, loss=1.1009]
Ep 9/10:  89%|████████▉ | 8/9 [00:14<00:01,  1.63s/it, loss=1.1943]
Ep 9/10: 100%|██████████| 9/9 [00:14<00:00,  1.85s/it, loss=1.1943]
                                                                   

Ep 10/10:   0%|          | 0/9 [00:00<?, ?it/s]
Ep 10/10:   0%|          | 0/9 [00:01<?, ?it/s, loss=1.2816]
Ep 10/10:  11%|█         | 1/9 [00:01<00:11,  1.47s/it, loss=1.2816]
Ep 10/10:  11%|█         | 1/9 [00:02<00:11,  1.47s/it, loss=1.2019]
Ep 10/10:  22%|██▏       | 2/9 [00:02<00:09,  1.38s/it, loss=1.2019]
Ep 10/10:  22%|██▏       | 2/9 [00:04<00:09,  1.38s/it, loss=0.9166]
Ep 10/10:  33%|███▎      | 3/9 [00:04<00:09,  1.59s/it, loss=0.9166]
Ep 10/10:  33%|███▎      | 3/9 [00:05<00:09,  1.59s/it, loss=1.0835]
Ep 10/10:  44%|████▍     | 4/9 [00:05<00:07,  1.43s/it, loss=1.0835]
Ep 10/10:  44%|████▍     | 4/9 [00:07<00:07,  1.43s/it, loss=1.0252]
Ep 10/10:  56%|█████▌    | 5/9 [00:07<00:05,  1.48s/it, loss=1.0252]
Ep 10/10:  56%|█████▌    | 5/9 [00:08<00:05,  1.48s/it, loss=1.2258]
Ep 10/10:  67%|██████▋   | 6/9 [00:08<00:04,  1.35s/it, loss=1.2258]
Ep 10/10:  67%|██████▋   | 6/9 [00:09<00:04,  1.35s/it, loss=1.1965]
Ep 10/10:  78%|███████▊  | 7/9 [00:09<00:02,  1.29s/it, loss=1.1965]
Ep 10/10:  78%|███████▊  | 7/9 [00:10<00:02,  1.29s/it, loss=1.0070]
Ep 10/10:  89%|████████▉ | 8/9 [00:10<00:01,  1.25s/it, loss=1.0070]
Ep 10/10:  89%|████████▉ | 8/9 [00:13<00:01,  1.25s/it, loss=1.2187]
Ep 10/10: 100%|██████████| 9/9 [00:13<00:00,  1.59s/it, loss=1.2187]
                                                                    

Testing:   0%|          | 0/2 [00:00<?, ?it/s]
Testing:  50%|█████     | 1/2 [00:00<00:00,  1.68it/s]
Testing: 100%|██████████| 2/2 [00:02<00:00,  1.19s/it]
                                                      
