Device: mps

============================================================
TRAINING GraphTransformer V2
============================================================

============================================================
LOADING DATA (V2)
============================================================
[1/5] Loading HeteroData...
      Loaded in 7.9s
[2/5] Loading pekerja map...
[3/5] Loading fraud labels...
      528 fraud labels
[4/5] Computing pekerja features...
      21 features
[5/5] Computing degree features for other nodes...
[Features] Computing degree features for all nodes (vectorized)...
   ✓ nasabah: 12,270,075 nodes, 4 degree features
   ✓ pinjaman: 1,524,589 nodes, 4 degree features
   ✓ simpanan: 15,636,712 nodes, 4 degree features
   ✓ transaksi: 185,262,274 nodes, 4 degree features
[+] Adding reverse edges...

✅ Data loading complete in 1219.9s

[Init] Building model...
      Params: 1,028,549
      Loss: Focal Loss (α=0.25, γ=2.0)
      LR Schedule: Cosine Annealing (0.001 → 1e-5)
------------------------------------------------------------
   Ep  1 | Loss: 0.0249 | Val AUC: 0.5869 | F1: 0.2126 | LR: 0.000989
   Ep  2 | Loss: 0.0189 | Val AUC: 0.6405 | F1: 0.2304 | LR: 0.000957
   Ep  3 | Loss: 0.0187 | Val AUC: 0.6503 | F1: 0.2432 | LR: 0.000905
   Ep  4 | Loss: 0.0181 | Val AUC: 0.6568 | F1: 0.2526 | LR: 0.000836
   Ep  5 | Loss: 0.0178 | Val AUC: 0.6311 | F1: 0.2384 | LR: 0.000752
   Ep  6 | Loss: 0.0178 | Val AUC: 0.6545 | F1: 0.2597 | LR: 0.000658
   Ep  7 | Loss: 0.0180 | Val AUC: 0.6437 | F1: 0.2444 | LR: 0.000557
   Ep  8 | Loss: 0.0178 | Val AUC: 0.6549 | F1: 0.2500 | LR: 0.000453
   Ep  9 | Loss: 0.0178 | Val AUC: 0.6754 | F1: 0.2630 | LR: 0.000352
   Ep 10 | Loss: 0.0179 | Val AUC: 0.6557 | F1: 0.2505 | LR: 0.000258
   Ep 11 | Loss: 0.0177 | Val AUC: 0.6551 | F1: 0.2460 | LR: 0.000174
   Ep 12 | Loss: 0.0178 | Val AUC: 0.6587 | F1: 0.2496 | LR: 0.000105
   Ep 13 | Loss: 0.0180 | Val AUC: 0.6421 | F1: 0.2411 | LR: 0.000053
   Ep 14 | Loss: 0.0178 | Val AUC: 0.6606 | F1: 0.2565 | LR: 0.000021
   Early stopping at epoch 14

============================================================
FINAL EVALUATION (Test Set)
============================================================

✅ GraphTransformer V2 Results (thresh=0.318):
   AUC: 0.7046
   F1 : 0.2559
--------------------
              precision    recall  f1-score   support

   Non-Fraud       0.96      0.66      0.78       859
       Fraud       0.15      0.67      0.25        79

    accuracy                           0.66       938
   macro avg       0.56      0.67      0.52       938
weighted avg       0.89      0.66      0.74       938

Confusion Matrix:
[[570 289]
 [ 26  53]]
/opt/miniconda3/lib/python3.12/site-packages/torch_geometric/nn/fx.py:132: UserWarning: Found function 'dropout' with keyword argument 'training'. During FX tracing, this will likely be baked in as a constant value. Consider replacing this function by a module to properly encapsulate its training flag.
  warnings.warn(f"Found function '{node.name}' with keyword "
/opt/miniconda3/lib/python3.12/site-packages/torch_geometric/nn/fx.py:132: UserWarning: Found function 'dropout_1' with keyword argument 'training'. During FX tracing, this will likely be baked in as a constant value. Consider replacing this function by a module to properly encapsulate its training flag.
  warnings.warn(f"Found function '{node.name}' with keyword "
/opt/miniconda3/lib/python3.12/site-packages/torch_geometric/utils/_scatter.py:100: UserWarning: The operator 'aten::scatter_reduce.two_out' is not currently supported on the MPS backend and will fall back to run on the CPU. This may have performance implications. (Triggered internally at /Users/runner/work/pytorch/pytorch/pytorch/aten/src/ATen/mps/MPSFallback.mm:13.)
  return src.new_zeros(size).scatter_reduce_(
python(20725) MallocStackLogging: can't turn off malloc stack logging because it was not enabled.

Ep 1/15:   0%|          | 0/9 [00:00<?, ?it/s]
Ep 1/15:   0%|          | 0/9 [00:01<?, ?it/s, loss=0.0414]
Ep 1/15:  11%|█         | 1/9 [00:01<00:13,  1.64s/it, loss=0.0414]
Ep 1/15:  11%|█         | 1/9 [00:02<00:13,  1.64s/it, loss=0.0245]
Ep 1/15:  22%|██▏       | 2/9 [00:02<00:10,  1.45s/it, loss=0.0245]
Ep 1/15:  22%|██▏       | 2/9 [00:04<00:10,  1.45s/it, loss=0.0222]
Ep 1/15:  33%|███▎      | 3/9 [00:04<00:07,  1.31s/it, loss=0.0222]
Ep 1/15:  33%|███▎      | 3/9 [00:05<00:07,  1.31s/it, loss=0.0187]
Ep 1/15:  44%|████▍     | 4/9 [00:05<00:06,  1.28s/it, loss=0.0187]
Ep 1/15:  44%|████▍     | 4/9 [00:06<00:06,  1.28s/it, loss=0.0232]
Ep 1/15:  56%|█████▌    | 5/9 [00:06<00:05,  1.32s/it, loss=0.0232]
Ep 1/15:  56%|█████▌    | 5/9 [00:08<00:05,  1.32s/it, loss=0.0269]
Ep 1/15:  67%|██████▋   | 6/9 [00:08<00:04,  1.37s/it, loss=0.0269]
Ep 1/15:  67%|██████▋   | 6/9 [00:09<00:04,  1.37s/it, loss=0.0249]
Ep 1/15:  78%|███████▊  | 7/9 [00:09<00:02,  1.38s/it, loss=0.0249]
Ep 1/15:  78%|███████▊  | 7/9 [00:10<00:02,  1.38s/it, loss=0.0199]
Ep 1/15:  89%|████████▉ | 8/9 [00:10<00:01,  1.34s/it, loss=0.0199]
Ep 1/15:  89%|████████▉ | 8/9 [00:12<00:01,  1.34s/it, loss=0.0197]
Ep 1/15: 100%|██████████| 9/9 [00:12<00:00,  1.51s/it, loss=0.0197]
                                                                   

Ep 2/15:   0%|          | 0/9 [00:00<?, ?it/s]
Ep 2/15:   0%|          | 0/9 [00:01<?, ?it/s, loss=0.0166]
Ep 2/15:  11%|█         | 1/9 [00:01<00:13,  1.74s/it, loss=0.0166]
Ep 2/15:  11%|█         | 1/9 [00:03<00:13,  1.74s/it, loss=0.0213]
Ep 2/15:  22%|██▏       | 2/9 [00:03<00:12,  1.76s/it, loss=0.0213]
Ep 2/15:  22%|██▏       | 2/9 [00:05<00:12,  1.76s/it, loss=0.0203]
Ep 2/15:  33%|███▎      | 3/9 [00:05<00:10,  1.68s/it, loss=0.0203]
Ep 2/15:  33%|███▎      | 3/9 [00:06<00:10,  1.68s/it, loss=0.0161]
Ep 2/15:  44%|████▍     | 4/9 [00:06<00:08,  1.75s/it, loss=0.0161]
Ep 2/15:  44%|████▍     | 4/9 [00:08<00:08,  1.75s/it, loss=0.0201]
Ep 2/15:  56%|█████▌    | 5/9 [00:08<00:07,  1.79s/it, loss=0.0201]
Ep 2/15:  56%|█████▌    | 5/9 [00:10<00:07,  1.79s/it, loss=0.0188]
Ep 2/15:  67%|██████▋   | 6/9 [00:10<00:04,  1.64s/it, loss=0.0188]
Ep 2/15:  67%|██████▋   | 6/9 [00:11<00:04,  1.64s/it, loss=0.0190]
Ep 2/15:  78%|███████▊  | 7/9 [00:11<00:03,  1.59s/it, loss=0.0190]
Ep 2/15:  78%|███████▊  | 7/9 [00:13<00:03,  1.59s/it, loss=0.0194]
Ep 2/15:  89%|████████▉ | 8/9 [00:13<00:01,  1.64s/it, loss=0.0194]
Ep 2/15:  89%|████████▉ | 8/9 [00:15<00:01,  1.64s/it, loss=0.0189]
Ep 2/15: 100%|██████████| 9/9 [00:15<00:00,  1.80s/it, loss=0.0189]
                                                                   

Ep 3/15:   0%|          | 0/9 [00:00<?, ?it/s]
Ep 3/15:   0%|          | 0/9 [00:01<?, ?it/s, loss=0.0162]
Ep 3/15:  11%|█         | 1/9 [00:01<00:12,  1.57s/it, loss=0.0162]
Ep 3/15:  11%|█         | 1/9 [00:03<00:12,  1.57s/it, loss=0.0185]
Ep 3/15:  22%|██▏       | 2/9 [00:03<00:11,  1.59s/it, loss=0.0185]
Ep 3/15:  22%|██▏       | 2/9 [00:05<00:11,  1.59s/it, loss=0.0171]
Ep 3/15:  33%|███▎      | 3/9 [00:05<00:10,  1.71s/it, loss=0.0171]
Ep 3/15:  33%|███▎      | 3/9 [00:06<00:10,  1.71s/it, loss=0.0226]
Ep 3/15:  44%|████▍     | 4/9 [00:06<00:09,  1.82s/it, loss=0.0226]
Ep 3/15:  44%|████▍     | 4/9 [00:08<00:09,  1.82s/it, loss=0.0188]
Ep 3/15:  56%|█████▌    | 5/9 [00:08<00:07,  1.78s/it, loss=0.0188]
Ep 3/15:  56%|█████▌    | 5/9 [00:10<00:07,  1.78s/it, loss=0.0185]
Ep 3/15:  67%|██████▋   | 6/9 [00:10<00:05,  1.95s/it, loss=0.0185]
Ep 3/15:  67%|██████▋   | 6/9 [00:12<00:05,  1.95s/it, loss=0.0207]
Ep 3/15:  78%|███████▊  | 7/9 [00:12<00:03,  1.91s/it, loss=0.0207]
Ep 3/15:  78%|███████▊  | 7/9 [00:14<00:03,  1.91s/it, loss=0.0179]
Ep 3/15:  89%|████████▉ | 8/9 [00:14<00:01,  1.84s/it, loss=0.0179]
Ep 3/15:  89%|████████▉ | 8/9 [00:17<00:01,  1.84s/it, loss=0.0166]
Ep 3/15: 100%|██████████| 9/9 [00:17<00:00,  2.22s/it, loss=0.0166]
                                                                   

Ep 4/15:   0%|          | 0/9 [00:00<?, ?it/s]
Ep 4/15:   0%|          | 0/9 [00:02<?, ?it/s, loss=0.0193]
Ep 4/15:  11%|█         | 1/9 [00:02<00:17,  2.13s/it, loss=0.0193]
Ep 4/15:  11%|█         | 1/9 [00:03<00:17,  2.13s/it, loss=0.0199]
Ep 4/15:  22%|██▏       | 2/9 [00:03<00:12,  1.79s/it, loss=0.0199]
Ep 4/15:  22%|██▏       | 2/9 [00:05<00:12,  1.79s/it, loss=0.0170]
Ep 4/15:  33%|███▎      | 3/9 [00:05<00:10,  1.83s/it, loss=0.0170]
Ep 4/15:  33%|███▎      | 3/9 [00:07<00:10,  1.83s/it, loss=0.0175]
Ep 4/15:  44%|████▍     | 4/9 [00:07<00:09,  1.86s/it, loss=0.0175]
Ep 4/15:  44%|████▍     | 4/9 [00:09<00:09,  1.86s/it, loss=0.0191]
Ep 4/15:  56%|█████▌    | 5/9 [00:09<00:07,  1.81s/it, loss=0.0191]
Ep 4/15:  56%|█████▌    | 5/9 [00:11<00:07,  1.81s/it, loss=0.0181]
Ep 4/15:  67%|██████▋   | 6/9 [00:11<00:05,  1.92s/it, loss=0.0181]
Ep 4/15:  67%|██████▋   | 6/9 [00:14<00:05,  1.92s/it, loss=0.0161]
Ep 4/15:  78%|███████▊  | 7/9 [00:14<00:04,  2.27s/it, loss=0.0161]
Ep 4/15:  78%|███████▊  | 7/9 [00:16<00:04,  2.27s/it, loss=0.0174]
Ep 4/15:  89%|████████▉ | 8/9 [00:16<00:02,  2.22s/it, loss=0.0174]
Ep 4/15:  89%|████████▉ | 8/9 [00:18<00:02,  2.22s/it, loss=0.0180]
Ep 4/15: 100%|██████████| 9/9 [00:18<00:00,  2.32s/it, loss=0.0180]
                                                                   

Ep 5/15:   0%|          | 0/9 [00:00<?, ?it/s]
Ep 5/15:   0%|          | 0/9 [00:02<?, ?it/s, loss=0.0186]
Ep 5/15:  11%|█         | 1/9 [00:02<00:19,  2.44s/it, loss=0.0186]
Ep 5/15:  11%|█         | 1/9 [00:05<00:19,  2.44s/it, loss=0.0183]
Ep 5/15:  22%|██▏       | 2/9 [00:05<00:18,  2.67s/it, loss=0.0183]
Ep 5/15:  22%|██▏       | 2/9 [00:06<00:18,  2.67s/it, loss=0.0176]
Ep 5/15:  33%|███▎      | 3/9 [00:06<00:12,  2.11s/it, loss=0.0176]
Ep 5/15:  33%|███▎      | 3/9 [00:10<00:12,  2.11s/it, loss=0.0173]
Ep 5/15:  44%|████▍     | 4/9 [00:10<00:12,  2.59s/it, loss=0.0173]
Ep 5/15:  44%|████▍     | 4/9 [00:12<00:12,  2.59s/it, loss=0.0176]
Ep 5/15:  56%|█████▌    | 5/9 [00:12<00:10,  2.65s/it, loss=0.0176]
Ep 5/15:  56%|█████▌    | 5/9 [00:15<00:10,  2.65s/it, loss=0.0180]
Ep 5/15:  67%|██████▋   | 6/9 [00:15<00:07,  2.58s/it, loss=0.0180]
Ep 5/15:  67%|██████▋   | 6/9 [00:18<00:07,  2.58s/it, loss=0.0167]
Ep 5/15:  78%|███████▊  | 7/9 [00:18<00:05,  2.82s/it, loss=0.0167]
Ep 5/15:  78%|███████▊  | 7/9 [00:20<00:05,  2.82s/it, loss=0.0177]
Ep 5/15:  89%|████████▉ | 8/9 [00:20<00:02,  2.57s/it, loss=0.0177]
Ep 5/15:  89%|████████▉ | 8/9 [00:24<00:02,  2.57s/it, loss=0.0195]
Ep 5/15: 100%|██████████| 9/9 [00:24<00:00,  2.96s/it, loss=0.0195]
                                                                   

Ep 6/15:   0%|          | 0/9 [00:00<?, ?it/s]
Ep 6/15:   0%|          | 0/9 [00:02<?, ?it/s, loss=0.0167]
Ep 6/15:  11%|█         | 1/9 [00:02<00:17,  2.16s/it, loss=0.0167]
Ep 6/15:  11%|█         | 1/9 [00:05<00:17,  2.16s/it, loss=0.0163]
Ep 6/15:  22%|██▏       | 2/9 [00:05<00:20,  2.92s/it, loss=0.0163]
Ep 6/15:  22%|██▏       | 2/9 [00:07<00:20,  2.92s/it, loss=0.0208]
Ep 6/15:  33%|███▎      | 3/9 [00:07<00:14,  2.37s/it, loss=0.0208]
Ep 6/15:  33%|███▎      | 3/9 [00:09<00:14,  2.37s/it, loss=0.0169]
Ep 6/15:  44%|████▍     | 4/9 [00:09<00:10,  2.13s/it, loss=0.0169]
Ep 6/15:  44%|████▍     | 4/9 [00:11<00:10,  2.13s/it, loss=0.0183]
Ep 6/15:  56%|█████▌    | 5/9 [00:11<00:09,  2.38s/it, loss=0.0183]
Ep 6/15:  56%|█████▌    | 5/9 [00:15<00:09,  2.38s/it, loss=0.0180]
Ep 6/15:  67%|██████▋   | 6/9 [00:15<00:08,  2.82s/it, loss=0.0180]
Ep 6/15:  67%|██████▋   | 6/9 [00:17<00:08,  2.82s/it, loss=0.0190]
Ep 6/15:  78%|███████▊  | 7/9 [00:17<00:05,  2.65s/it, loss=0.0190]
Ep 6/15:  78%|███████▊  | 7/9 [00:18<00:05,  2.65s/it, loss=0.0158]
Ep 6/15:  89%|████████▉ | 8/9 [00:18<00:02,  2.10s/it, loss=0.0158]
Ep 6/15:  89%|████████▉ | 8/9 [00:21<00:02,  2.10s/it, loss=0.0190]
Ep 6/15: 100%|██████████| 9/9 [00:21<00:00,  2.36s/it, loss=0.0190]
                                                                   

Ep 7/15:   0%|          | 0/9 [00:00<?, ?it/s]
Ep 7/15:   0%|          | 0/9 [00:03<?, ?it/s, loss=0.0175]
Ep 7/15:  11%|█         | 1/9 [00:03<00:25,  3.16s/it, loss=0.0175]
Ep 7/15:  11%|█         | 1/9 [00:05<00:25,  3.16s/it, loss=0.0168]
Ep 7/15:  22%|██▏       | 2/9 [00:05<00:20,  2.94s/it, loss=0.0168]
Ep 7/15:  22%|██▏       | 2/9 [00:08<00:20,  2.94s/it, loss=0.0169]
Ep 7/15:  33%|███▎      | 3/9 [00:08<00:16,  2.75s/it, loss=0.0169]
Ep 7/15:  33%|███▎      | 3/9 [00:10<00:16,  2.75s/it, loss=0.0179]
Ep 7/15:  44%|████▍     | 4/9 [00:10<00:11,  2.29s/it, loss=0.0179]
Ep 7/15:  44%|████▍     | 4/9 [00:14<00:11,  2.29s/it, loss=0.0196]
Ep 7/15:  56%|█████▌    | 5/9 [00:14<00:11,  2.91s/it, loss=0.0196]
Ep 7/15:  56%|█████▌    | 5/9 [00:16<00:11,  2.91s/it, loss=0.0172]
Ep 7/15:  67%|██████▋   | 6/9 [00:16<00:08,  2.77s/it, loss=0.0172]
Ep 7/15:  67%|██████▋   | 6/9 [00:19<00:08,  2.77s/it, loss=0.0176]
Ep 7/15:  78%|███████▊  | 7/9 [00:19<00:05,  2.96s/it, loss=0.0176]
Ep 7/15:  78%|███████▊  | 7/9 [00:22<00:05,  2.96s/it, loss=0.0200]
Ep 7/15:  89%|████████▉ | 8/9 [00:22<00:02,  2.97s/it, loss=0.0200]
Ep 7/15:  89%|████████▉ | 8/9 [00:26<00:02,  2.97s/it, loss=0.0186]
Ep 7/15: 100%|██████████| 9/9 [00:26<00:00,  3.20s/it, loss=0.0186]
                                                                   

Ep 8/15:   0%|          | 0/9 [00:00<?, ?it/s]
Ep 8/15:   0%|          | 0/9 [00:03<?, ?it/s, loss=0.0181]
Ep 8/15:  11%|█         | 1/9 [00:03<00:27,  3.45s/it, loss=0.0181]
Ep 8/15:  11%|█         | 1/9 [00:07<00:27,  3.45s/it, loss=0.0168]
Ep 8/15:  22%|██▏       | 2/9 [00:07<00:27,  3.92s/it, loss=0.0168]
Ep 8/15:  22%|██▏       | 2/9 [00:11<00:27,  3.92s/it, loss=0.0151]
Ep 8/15:  33%|███▎      | 3/9 [00:11<00:22,  3.71s/it, loss=0.0151]
Ep 8/15:  33%|███▎      | 3/9 [00:15<00:22,  3.71s/it, loss=0.0155]
Ep 8/15:  44%|████▍     | 4/9 [00:15<00:19,  3.82s/it, loss=0.0155]
Ep 8/15:  44%|████▍     | 4/9 [00:18<00:19,  3.82s/it, loss=0.0163]
Ep 8/15:  56%|█████▌    | 5/9 [00:18<00:14,  3.66s/it, loss=0.0163]
Ep 8/15:  56%|█████▌    | 5/9 [00:21<00:14,  3.66s/it, loss=0.0175]
Ep 8/15:  67%|██████▋   | 6/9 [00:21<00:09,  3.31s/it, loss=0.0175]
Ep 8/15:  67%|██████▋   | 6/9 [00:23<00:09,  3.31s/it, loss=0.0176]
Ep 8/15:  78%|███████▊  | 7/9 [00:23<00:06,  3.15s/it, loss=0.0176]
Ep 8/15:  78%|███████▊  | 7/9 [00:26<00:06,  3.15s/it, loss=0.0218]
Ep 8/15:  89%|████████▉ | 8/9 [00:26<00:02,  2.93s/it, loss=0.0218]
Ep 8/15:  89%|████████▉ | 8/9 [00:31<00:02,  2.93s/it, loss=0.0245]
Ep 8/15: 100%|██████████| 9/9 [00:31<00:00,  3.51s/it, loss=0.0245]
                                                                   

Ep 9/15:   0%|          | 0/9 [00:00<?, ?it/s]
Ep 9/15:   0%|          | 0/9 [00:02<?, ?it/s, loss=0.0152]
Ep 9/15:  11%|█         | 1/9 [00:02<00:23,  2.99s/it, loss=0.0152]
Ep 9/15:  11%|█         | 1/9 [00:05<00:23,  2.99s/it, loss=0.0187]
Ep 9/15:  22%|██▏       | 2/9 [00:05<00:20,  2.89s/it, loss=0.0187]
Ep 9/15:  22%|██▏       | 2/9 [00:08<00:20,  2.89s/it, loss=0.0178]
Ep 9/15:  33%|███▎      | 3/9 [00:08<00:16,  2.72s/it, loss=0.0178]
Ep 9/15:  33%|███▎      | 3/9 [00:12<00:16,  2.72s/it, loss=0.0169]
Ep 9/15:  44%|████▍     | 4/9 [00:12<00:16,  3.26s/it, loss=0.0169]
Ep 9/15:  44%|████▍     | 4/9 [00:15<00:16,  3.26s/it, loss=0.0184]
Ep 9/15:  56%|█████▌    | 5/9 [00:15<00:12,  3.24s/it, loss=0.0184]
Ep 9/15:  56%|█████▌    | 5/9 [00:18<00:12,  3.24s/it, loss=0.0182]
Ep 9/15:  67%|██████▋   | 6/9 [00:18<00:09,  3.01s/it, loss=0.0182]
Ep 9/15:  67%|██████▋   | 6/9 [00:21<00:09,  3.01s/it, loss=0.0167]
Ep 9/15:  78%|███████▊  | 7/9 [00:21<00:06,  3.08s/it, loss=0.0167]
Ep 9/15:  78%|███████▊  | 7/9 [00:23<00:06,  3.08s/it, loss=0.0191]
Ep 9/15:  89%|████████▉ | 8/9 [00:23<00:02,  2.92s/it, loss=0.0191]
Ep 9/15:  89%|████████▉ | 8/9 [00:28<00:02,  2.92s/it, loss=0.0197]
Ep 9/15: 100%|██████████| 9/9 [00:28<00:00,  3.41s/it, loss=0.0197]
                                                                   

Ep 10/15:   0%|          | 0/9 [00:00<?, ?it/s]
Ep 10/15:   0%|          | 0/9 [00:04<?, ?it/s, loss=0.0160]
Ep 10/15:  11%|█         | 1/9 [00:04<00:34,  4.30s/it, loss=0.0160]
Ep 10/15:  11%|█         | 1/9 [00:07<00:34,  4.30s/it, loss=0.0175]
Ep 10/15:  22%|██▏       | 2/9 [00:07<00:23,  3.42s/it, loss=0.0175]
Ep 10/15:  22%|██▏       | 2/9 [00:10<00:23,  3.42s/it, loss=0.0180]
Ep 10/15:  33%|███▎      | 3/9 [00:10<00:20,  3.37s/it, loss=0.0180]
Ep 10/15:  33%|███▎      | 3/9 [00:14<00:20,  3.37s/it, loss=0.0161]
Ep 10/15:  44%|████▍     | 4/9 [00:14<00:18,  3.60s/it, loss=0.0161]
Ep 10/15:  44%|████▍     | 4/9 [00:17<00:18,  3.60s/it, loss=0.0183]
Ep 10/15:  56%|█████▌    | 5/9 [00:17<00:13,  3.39s/it, loss=0.0183]
Ep 10/15:  56%|█████▌    | 5/9 [00:20<00:13,  3.39s/it, loss=0.0192]
Ep 10/15:  67%|██████▋   | 6/9 [00:20<00:09,  3.27s/it, loss=0.0192]
Ep 10/15:  67%|██████▋   | 6/9 [00:23<00:09,  3.27s/it, loss=0.0177]
Ep 10/15:  78%|███████▊  | 7/9 [00:23<00:06,  3.34s/it, loss=0.0177]
Ep 10/15:  78%|███████▊  | 7/9 [00:27<00:06,  3.34s/it, loss=0.0182]
Ep 10/15:  89%|████████▉ | 8/9 [00:27<00:03,  3.27s/it, loss=0.0182]
Ep 10/15:  89%|████████▉ | 8/9 [00:33<00:03,  3.27s/it, loss=0.0219]
Ep 10/15: 100%|██████████| 9/9 [00:33<00:00,  4.21s/it, loss=0.0219]
                                                                    

Ep 11/15:   0%|          | 0/9 [00:00<?, ?it/s]
Ep 11/15:   0%|          | 0/9 [00:02<?, ?it/s, loss=0.0211]
Ep 11/15:  11%|█         | 1/9 [00:02<00:18,  2.36s/it, loss=0.0211]
Ep 11/15:  11%|█         | 1/9 [00:07<00:18,  2.36s/it, loss=0.0191]
Ep 11/15:  22%|██▏       | 2/9 [00:07<00:26,  3.85s/it, loss=0.0191]
Ep 11/15:  22%|██▏       | 2/9 [00:10<00:26,  3.85s/it, loss=0.0181]
Ep 11/15:  33%|███▎      | 3/9 [00:10<00:22,  3.71s/it, loss=0.0181]
Ep 11/15:  33%|███▎      | 3/9 [00:13<00:22,  3.71s/it, loss=0.0159]
Ep 11/15:  44%|████▍     | 4/9 [00:13<00:16,  3.22s/it, loss=0.0159]
Ep 11/15:  44%|████▍     | 4/9 [00:17<00:16,  3.22s/it, loss=0.0164]
Ep 11/15:  56%|█████▌    | 5/9 [00:17<00:13,  3.50s/it, loss=0.0164]
Ep 11/15:  56%|█████▌    | 5/9 [00:20<00:13,  3.50s/it, loss=0.0164]
Ep 11/15:  67%|██████▋   | 6/9 [00:20<00:09,  3.25s/it, loss=0.0164]
Ep 11/15:  67%|██████▋   | 6/9 [00:22<00:09,  3.25s/it, loss=0.0167]
Ep 11/15:  78%|███████▊  | 7/9 [00:22<00:05,  2.98s/it, loss=0.0167]
Ep 11/15:  78%|███████▊  | 7/9 [00:27<00:05,  2.98s/it, loss=0.0182]
Ep 11/15:  89%|████████▉ | 8/9 [00:27<00:03,  3.49s/it, loss=0.0182]
Ep 11/15:  89%|████████▉ | 8/9 [00:32<00:03,  3.49s/it, loss=0.0174]
Ep 11/15: 100%|██████████| 9/9 [00:32<00:00,  4.25s/it, loss=0.0174]
                                                                    

Ep 12/15:   0%|          | 0/9 [00:00<?, ?it/s]
Ep 12/15:   0%|          | 0/9 [00:02<?, ?it/s, loss=0.0189]
Ep 12/15:  11%|█         | 1/9 [00:02<00:20,  2.54s/it, loss=0.0189]
Ep 12/15:  11%|█         | 1/9 [00:05<00:20,  2.54s/it, loss=0.0190]
Ep 12/15:  22%|██▏       | 2/9 [00:05<00:20,  2.96s/it, loss=0.0190]
Ep 12/15:  22%|██▏       | 2/9 [00:09<00:20,  2.96s/it, loss=0.0182]
Ep 12/15:  33%|███▎      | 3/9 [00:09<00:21,  3.52s/it, loss=0.0182]
Ep 12/15:  33%|███▎      | 3/9 [00:12<00:21,  3.52s/it, loss=0.0173]
Ep 12/15:  44%|████▍     | 4/9 [00:12<00:15,  3.12s/it, loss=0.0173]
Ep 12/15:  44%|████▍     | 4/9 [00:16<00:15,  3.12s/it, loss=0.0182]
Ep 12/15:  56%|█████▌    | 5/9 [00:16<00:14,  3.50s/it, loss=0.0182]
Ep 12/15:  56%|█████▌    | 5/9 [00:19<00:14,  3.50s/it, loss=0.0165]
Ep 12/15:  67%|██████▋   | 6/9 [00:19<00:09,  3.14s/it, loss=0.0165]
Ep 12/15:  67%|██████▋   | 6/9 [00:24<00:09,  3.14s/it, loss=0.0174]
Ep 12/15:  78%|███████▊  | 7/9 [00:24<00:07,  3.78s/it, loss=0.0174]
Ep 12/15:  78%|███████▊  | 7/9 [00:26<00:07,  3.78s/it, loss=0.0181]
Ep 12/15:  89%|████████▉ | 8/9 [00:26<00:03,  3.38s/it, loss=0.0181]
Ep 12/15:  89%|████████▉ | 8/9 [00:32<00:03,  3.38s/it, loss=0.0158]
Ep 12/15: 100%|██████████| 9/9 [00:32<00:00,  4.20s/it, loss=0.0158]
                                                                    

Ep 13/15:   0%|          | 0/9 [00:00<?, ?it/s]
Ep 13/15:   0%|          | 0/9 [00:04<?, ?it/s, loss=0.0197]
Ep 13/15:  11%|█         | 1/9 [00:04<00:34,  4.27s/it, loss=0.0197]
Ep 13/15:  11%|█         | 1/9 [00:06<00:34,  4.27s/it, loss=0.0153]
Ep 13/15:  22%|██▏       | 2/9 [00:06<00:21,  3.10s/it, loss=0.0153]
Ep 13/15:  22%|██▏       | 2/9 [00:10<00:21,  3.10s/it, loss=0.0172]
Ep 13/15:  33%|███▎      | 3/9 [00:10<00:21,  3.62s/it, loss=0.0172]
Ep 13/15:  33%|███▎      | 3/9 [00:14<00:21,  3.62s/it, loss=0.0197]
Ep 13/15:  44%|████▍     | 4/9 [00:14<00:18,  3.79s/it, loss=0.0197]
Ep 13/15:  44%|████▍     | 4/9 [00:18<00:18,  3.79s/it, loss=0.0126]
Ep 13/15:  56%|█████▌    | 5/9 [00:18<00:15,  3.78s/it, loss=0.0126]
Ep 13/15:  56%|█████▌    | 5/9 [00:22<00:15,  3.78s/it, loss=0.0225]
Ep 13/15:  67%|██████▋   | 6/9 [00:22<00:11,  3.74s/it, loss=0.0225]
Ep 13/15:  67%|██████▋   | 6/9 [00:25<00:11,  3.74s/it, loss=0.0183]
Ep 13/15:  78%|███████▊  | 7/9 [00:25<00:07,  3.50s/it, loss=0.0183]
Ep 13/15:  78%|███████▊  | 7/9 [00:31<00:07,  3.50s/it, loss=0.0188]
Ep 13/15:  89%|████████▉ | 8/9 [00:31<00:04,  4.29s/it, loss=0.0188]
Ep 13/15:  89%|████████▉ | 8/9 [00:36<00:04,  4.29s/it, loss=0.0173]
Ep 13/15: 100%|██████████| 9/9 [00:36<00:00,  4.48s/it, loss=0.0173]
                                                                    

Ep 14/15:   0%|          | 0/9 [00:00<?, ?it/s]
Ep 14/15:   0%|          | 0/9 [00:03<?, ?it/s, loss=0.0205]
Ep 14/15:  11%|█         | 1/9 [00:03<00:25,  3.23s/it, loss=0.0205]
Ep 14/15:  11%|█         | 1/9 [00:06<00:25,  3.23s/it, loss=0.0176]
Ep 14/15:  22%|██▏       | 2/9 [00:06<00:24,  3.53s/it, loss=0.0176]
Ep 14/15:  22%|██▏       | 2/9 [00:09<00:24,  3.53s/it, loss=0.0154]
Ep 14/15:  33%|███▎      | 3/9 [00:09<00:18,  3.14s/it, loss=0.0154]
Ep 14/15:  33%|███▎      | 3/9 [00:12<00:18,  3.14s/it, loss=0.0166]
Ep 14/15:  44%|████▍     | 4/9 [00:12<00:15,  3.13s/it, loss=0.0166]
Ep 14/15:  44%|████▍     | 4/9 [00:15<00:15,  3.13s/it, loss=0.0194]
Ep 14/15:  56%|█████▌    | 5/9 [00:15<00:11,  2.95s/it, loss=0.0194]
Ep 14/15:  56%|█████▌    | 5/9 [00:17<00:11,  2.95s/it, loss=0.0177]
Ep 14/15:  67%|██████▋   | 6/9 [00:17<00:08,  2.74s/it, loss=0.0177]
Ep 14/15:  67%|██████▋   | 6/9 [00:22<00:08,  2.74s/it, loss=0.0157]
Ep 14/15:  78%|███████▊  | 7/9 [00:22<00:07,  3.56s/it, loss=0.0157]
Ep 14/15:  78%|███████▊  | 7/9 [00:25<00:07,  3.56s/it, loss=0.0176]
Ep 14/15:  89%|████████▉ | 8/9 [00:25<00:03,  3.15s/it, loss=0.0176]
Ep 14/15:  89%|████████▉ | 8/9 [00:29<00:03,  3.15s/it, loss=0.0211]
Ep 14/15: 100%|██████████| 9/9 [00:29<00:00,  3.43s/it, loss=0.0211]
                                                                    

Testing:   0%|          | 0/2 [00:00<?, ?it/s]
Testing:  50%|█████     | 1/2 [00:04<00:04,  4.49s/it]
Testing: 100%|██████████| 2/2 [00:11<00:00,  5.88s/it]
                                                      
